
Optional file libmchp_peripheral.a not found

Optional file libmchp_peripheral_32MX795F512L.a not found
Archive member included because of file (symbol)

c:/program files (x86)/microchip/xc32/v1.40/bin/bin/../../lib/gcc/pic32mx/4.8.3/../../../../pic32mx/lib\libpic32.a(memcpy.o)
                              build/default/production/_ext/1872676768/queue.o (memcpy)
c:/program files (x86)/microchip/xc32/v1.40/bin/bin/../../lib/gcc/pic32mx/4.8.3/../../../../pic32mx/lib\libpic32.a(memset.o)
                              build/default/production/_ext/1872676768/tasks.o (memset)
c:/program files (x86)/microchip/xc32/v1.40/bin/bin/../../lib/gcc/pic32mx/4.8.3/../../../../pic32mx/lib\libpic32.a(default-bootstrap-exception-handler.o)
                              c:/program files (x86)/microchip/xc32/v1.40/bin/bin/../../lib/gcc/pic32mx/4.8.3/../../../../pic32mx/lib/./proc/32MX795F512L/crt0_mips32r2.o (_bootstrap_exception_handler)
c:/program files (x86)/microchip/xc32/v1.40/bin/bin/../../lib/gcc/pic32mx/4.8.3/../../../../pic32mx/lib\libpic32.a(default-on-reset.o)
                              c:/program files (x86)/microchip/xc32/v1.40/bin/bin/../../lib/gcc/pic32mx/4.8.3/../../../../pic32mx/lib/./proc/32MX795F512L/crt0_mips32r2.o (_on_reset)
c:/program files (x86)/microchip/xc32/v1.40/bin/bin/../../lib/gcc/pic32mx/4.8.3/../../../../pic32mx/lib\libpic32.a(default-on-bootstrap.o)
                              c:/program files (x86)/microchip/xc32/v1.40/bin/bin/../../lib/gcc/pic32mx/4.8.3/../../../../pic32mx/lib/./proc/32MX795F512L/crt0_mips32r2.o (_on_bootstrap)
c:/program files (x86)/microchip/xc32/v1.40/bin/bin/../../lib/gcc/pic32mx/4.8.3/../../../../pic32mx/lib\libpic32.a(default-nmi-handler.o)
                              c:/program files (x86)/microchip/xc32/v1.40/bin/bin/../../lib/gcc/pic32mx/4.8.3/../../../../pic32mx/lib/./proc/32MX795F512L/crt0_mips32r2.o (_nmi_handler)
c:/program files (x86)/microchip/xc32/v1.40/bin/bin/../../lib/gcc/pic32mx/4.8.3/../../../../pic32mx/lib\libpic32.a(general-exception.o)
                              c:/program files (x86)/microchip/xc32/v1.40/bin/bin/../../lib/gcc/pic32mx/4.8.3/../../../../pic32mx/lib/./proc/32MX795F512L/crt0_mips32r2.o (_general_exception_context)
c:/program files (x86)/microchip/xc32/v1.40/bin/bin/../../lib/gcc/pic32mx/4.8.3/../../../../pic32mx/lib\libpic32.a(vector0.o)
                              c:/program files (x86)/microchip/xc32/v1.40/bin/bin/../../lib/gcc/pic32mx/4.8.3/../../../../pic32mx/lib/./proc/32MX795F512L\default_isr_vectors.o (__vector_dispatch_0)
c:/program files (x86)/microchip/xc32/v1.40/bin/bin/../../lib/gcc/pic32mx/4.8.3/../../../../pic32mx/lib\libpic32.a(vector2.o)
                              c:/program files (x86)/microchip/xc32/v1.40/bin/bin/../../lib/gcc/pic32mx/4.8.3/../../../../pic32mx/lib/./proc/32MX795F512L\default_isr_vectors.o (__vector_dispatch_2)
c:/program files (x86)/microchip/xc32/v1.40/bin/bin/../../lib/gcc/pic32mx/4.8.3/../../../../pic32mx/lib\libpic32.a(vector3.o)
                              c:/program files (x86)/microchip/xc32/v1.40/bin/bin/../../lib/gcc/pic32mx/4.8.3/../../../../pic32mx/lib/./proc/32MX795F512L\default_isr_vectors.o (__vector_dispatch_3)
c:/program files (x86)/microchip/xc32/v1.40/bin/bin/../../lib/gcc/pic32mx/4.8.3/../../../../pic32mx/lib\libpic32.a(vector5.o)
                              c:/program files (x86)/microchip/xc32/v1.40/bin/bin/../../lib/gcc/pic32mx/4.8.3/../../../../pic32mx/lib/./proc/32MX795F512L\default_isr_vectors.o (__vector_dispatch_5)
c:/program files (x86)/microchip/xc32/v1.40/bin/bin/../../lib/gcc/pic32mx/4.8.3/../../../../pic32mx/lib\libpic32.a(vector6.o)
                              c:/program files (x86)/microchip/xc32/v1.40/bin/bin/../../lib/gcc/pic32mx/4.8.3/../../../../pic32mx/lib/./proc/32MX795F512L\default_isr_vectors.o (__vector_dispatch_6)
c:/program files (x86)/microchip/xc32/v1.40/bin/bin/../../lib/gcc/pic32mx/4.8.3/../../../../pic32mx/lib\libpic32.a(vector7.o)
                              c:/program files (x86)/microchip/xc32/v1.40/bin/bin/../../lib/gcc/pic32mx/4.8.3/../../../../pic32mx/lib/./proc/32MX795F512L\default_isr_vectors.o (__vector_dispatch_7)
c:/program files (x86)/microchip/xc32/v1.40/bin/bin/../../lib/gcc/pic32mx/4.8.3/../../../../pic32mx/lib\libpic32.a(vector8.o)
                              c:/program files (x86)/microchip/xc32/v1.40/bin/bin/../../lib/gcc/pic32mx/4.8.3/../../../../pic32mx/lib/./proc/32MX795F512L\default_isr_vectors.o (__vector_dispatch_8)
c:/program files (x86)/microchip/xc32/v1.40/bin/bin/../../lib/gcc/pic32mx/4.8.3/../../../../pic32mx/lib\libpic32.a(vector9.o)
                              c:/program files (x86)/microchip/xc32/v1.40/bin/bin/../../lib/gcc/pic32mx/4.8.3/../../../../pic32mx/lib/./proc/32MX795F512L\default_isr_vectors.o (__vector_dispatch_9)
c:/program files (x86)/microchip/xc32/v1.40/bin/bin/../../lib/gcc/pic32mx/4.8.3/../../../../pic32mx/lib\libpic32.a(vector10.o)
[...]
Memory Configuration

Name             Origin             Length             Attributes
kseg0_program_mem 0x9d000000         0x00080000         xr
kseg0_boot_mem   0x9fc00490         0x00000970
exception_mem    0x9fc01000         0x00001000
kseg1_boot_mem   0xbfc00000         0x00000490
debug_exec_mem   0xbfc02000         0x00000ff0
config3          0xbfc02ff0         0x00000004
config2          0xbfc02ff4         0x00000004
config1          0xbfc02ff8         0x00000004
config0          0xbfc02ffc         0x00000004
kseg1_data_mem   0xa0000000         0x00020000         w !x
sfrs             0xbf800000         0x00100000
configsfrs       0xbfc02ff0         0x00000010
*default*        0x00000000         0xffffffff

Linker script and memory map

LOAD c:/program files (x86)/microchip/xc32/v1.40/bin/bin/../../lib/gcc/pic32mx/4.8.3/../../../../pic32mx/lib/./proc/32MX795F512L/crt0_mips32r2.o
LOAD c:/program files (x86)/microchip/xc32/v1.40/bin/bin/../../lib/gcc/pic32mx/4.8.3/../../../../pic32mx/lib\debug-exception-return.o
LOAD build/default/production/_ext/1360937237/lead_rover.o
LOAD build/default/production/_ext/1360937237/main.o
LOAD build/default/production/_ext/1360937237/timer.o
LOAD build/default/production/_ext/1360937237/debugging_task.o
LOAD build/default/production/_ext/1360937237/messaging_task.o
LOAD build/default/production/_ext/1924263045/osal_freertos.o
LOAD build/default/production/_ext/1184397185/sys_devcon.o
LOAD build/default/production/_ext/1184397185/sys_devcon_pic32mx.o
LOAD build/default/production/_ext/773654843/sys_int_pic32.o
LOAD build/default/production/_ext/1720996136/sys_ports.o
LOAD build/default/production/_ext/1872676768/croutine.o
LOAD build/default/production/_ext/1872676768/list.o
LOAD build/default/production/_ext/1872676768/queue.o
LOAD build/default/production/_ext/1872676768/tasks.o
LOAD build/default/production/_ext/1872676768/timers.o
LOAD build/default/production/_ext/1872676768/event_groups.o
LOAD build/default/production/_ext/18731709/heap_1.o
LOAD build/default/production/_ext/697681558/port.o
LOAD build/default/production/_ext/697681558/port_asm.o
LOAD build/default/production/_ext/1345626252/drv_usart_static.o
LOAD build/default/production/_ext/639803181/sys_clk_static.o
LOAD build/default/production/_ext/822048611/sys_ports_static.o
LOAD build/default/production/_ext/1688732426/system_init.o
LOAD build/default/production/_ext/1688732426/system_interrupt.o
LOAD build/default/production/_ext/1688732426/system_exceptions.o
LOAD build/default/production/_ext/1688732426/system_tasks.o
LOAD build/default/production/_ext/1688732426/system_interrupt_a.o
LOAD build/default/production/_ext/1688732426/rtos_hooks.o
LOAD ..\..\..\..\microchip\harmony\v1_06_02\bin\framework\peripheral\PIC32MX795F512L_peripherals.a
                0x00000001                __MPLAB_BUILD = 0x1
                0x00000000                _min_heap_size = 0x0
LOAD c:/program files (x86)/microchip/xc32/v1.40/bin/bin/../../lib/gcc/pic32mx/4.8.3/../../../../pic32mx/lib/./proc/32MX795F512L\default_isr_vectors.o
LOAD c:/program files (x86)/microchip/xc32/v1.40/bin/bin/../../lib/gcc/pic32mx/4.8.3/../../../../pic32mx/lib\pic32_software_reset.o
                0x00000400                PROVIDE (_min_stack_size, 0x400)
LOAD c:/program files (x86)/microchip/xc32/v1.40/bin/bin/../../lib/gcc/pic32mx/4.8.3/../../../../pic32mx/lib/./proc/32MX795F512L\processor.o
START GROUP
LOAD libmchp_peripheral.a
END GROUP
START GROUP
LOAD libmchp_peripheral_32MX795F512L.a
END GROUP
                0x00000001                PROVIDE (_vector_spacing, 0x1)
                0x9fc01000                _ebase_address = 0x9fc01000
                0xbfc00000                _RESET_ADDR = 0xbfc00000
                0xbfc00380                _BEV_EXCPT_ADDR = 0xbfc00380
                0xbfc00480                _DBG_EXCPT_ADDR = 0xbfc00480
                0xbfc02000                _DBG_CODE_ADDR = 0xbfc02000
                0x00000ff0                _DBG_CODE_SIZE = 0xff0
                0x9fc01180                _GEN_EXCPT_ADDR = (_ebase_address + 0x180)

.config_BFC02FF0
                0xbfc02ff0        0x4
 *(.config_BFC02FF0)
 .config_BFC02FF0
                0xbfc02ff0        0x4 build/default/production/_ext/1688732426/system_init.o

.config_BFC02FF4
                0xbfc02ff4        0x4
 *(.config_BFC02FF4)
 .config_BFC02FF4
                0xbfc02ff4        0x4 build/default/production/_ext/1688732426/system_init.o

.config_BFC02FF8
                0xbfc02ff8        0x4
 *(.config_BFC02FF8)
 .config_BFC02FF8
                0xbfc02ff8        0x4 build/default/production/_ext/1688732426/system_init.o

.config_BFC02FFC
                0xbfc02ffc        0x4
 *(.config_BFC02FFC)
 .config_BFC02FFC
                0xbfc02ffc        0x4 build/default/production/_ext/1688732426/system_init.o
                0xbfc02000                PROVIDE (_DBG_CODE_ADDR, 0xbfc02000)
                0x00000ff0                PROVIDE (_DBG_CODE_SIZE, 0xff0)

.reset          0xbfc00000      0x1f4
 *(.reset)
 .reset         0xbfc00000        0x8 c:/program files (x86)/microchip/xc32/v1.40/bin/bin/../../lib/gcc/pic32mx/4.8.3/../../../../pic32mx/lib/./proc/32MX795F512L/crt0_mips32r2.o
                0xbfc00000                _reset
 *(.reset.startup)
 .reset.startup
                0xbfc00008      0x1ec c:/program files (x86)/microchip/xc32/v1.40/bin/bin/../../lib/gcc/pic32mx/4.8.3/../../../../pic32mx/lib/./proc/32MX795F512L/crt0_mips32r2.o

.bev_excpt      0xbfc00380       0x10
 *(.bev_handler)
 .bev_handler   0xbfc00380       0x10 c:/program files (x86)/microchip/xc32/v1.40/bin/bin/../../lib/gcc/pic32mx/4.8.3/../../../../pic32mx/lib/./proc/32MX795F512L/crt0_mips32r2.o

.dbg_excpt      0xbfc00480        0x0
                0xbfc00480                . = (. + DEFINED (_DEBUGGER)?0x8:0x0)

.dbg_code       0xbfc02000        0x0
                0xbfc02000                . = (. + DEFINED (_DEBUGGER)?_DBG_CODE_SIZE:0x0)

.app_excpt      0x9fc01180       0x10
 *(.gen_handler)
 .gen_handler   0x9fc01180       0x10 c:/program files (x86)/microchip/xc32/v1.40/bin/bin/../../lib/gcc/pic32mx/4.8.3/../../../../pic32mx/lib/./proc/32MX795F512L/crt0_mips32r2.o

.vector_0       0x9fc01200        0x8
 *(.vector_0)
 .vector_0      0x9fc01200        0x8 c:/program files (x86)/microchip/xc32/v1.40/bin/bin/../../lib/gcc/pic32mx/4.8.3/../../../../pic32mx/lib\libpic32.a(vector0.o)
                0x9fc01200                __vector_dispatch_0
                0x00000001                ASSERT (((_vector_spacing == 0x0) || (SIZEOF (.vector_0) <= (_vector_spacing << 0x5))), function at exception vector 0 too large)

.vector_1       0x9fc01220        0x8
 *(.vector_1)
 .vector_1      0x9fc01220        0x8 build/default/production/_ext/697681558/port.o
                0x9fc01220                __vector_dispatch_1
                0x00000001                ASSERT (((_vector_spacing == 0x0) || (SIZEOF (.vector_1) <= (_vector_spacing << 0x5))), function at exception vector 1 too large)

.vector_2       0x9fc01240        0x8
 *(.vector_2)
 .vector_2      0x9fc01240        0x8 c:/program files (x86)/microchip/xc32/v1.40/bin/bin/../../lib/gcc/pic32mx/4.8.3/../../../../pic32mx/lib\libpic32.a(vector2.o)
                0x9fc01240                __vector_dispatch_2
                0x00000001                ASSERT (((_vector_spacing == 0x0) || (SIZEOF (.vector_2) <= (_vector_spacing << 0x5))), function at exception vector 2 too large)

.vector_3       0x9fc01260        0x8
 *(.vector_3)
 .vector_3      0x9fc01260        0x8 c:/program files (x86)/microchip/xc32/v1.40/bin/bin/../../lib/gcc/pic32mx/4.8.3/../../../../pic32mx/lib\libpic32.a(vector3.o)
                0x9fc01260                __vector_dispatch_3
                0x00000001                ASSERT (((_vector_spacing == 0x0) || (SIZEOF (.vector_3) <= (_vector_spacing << 0x5))), function at exception vector 3 too large)

.vector_4       0x9fc01280        0x8
 *(.vector_4)
 .vector_4      0x9fc01280        0x8 build/default/production/_ext/697681558/port.o
                0x9fc01280                __vector_dispatch_4
                0x00000001                ASSERT (((_vector_spacing == 0x0) || (SIZEOF (.vector_4) <= (_vector_spacing << 0x5))), function at exception vector 4 too large)

.vector_5       0x9fc012a0        0x8
 *(.vector_5)
 .vector_5      0x9fc012a0        0x8 c:/program files (x86)/microchip/xc32/v1.40/bin/bin/../../lib/gcc/pic32mx/4.8.3/../../../../pic32mx/lib\libpic32.a(vector5.o)
                0x9fc012a0                __vector_dispatch_5
                0x00000001                ASSERT (((_vector_spacing == 0x0) || (SIZEOF (.vector_5) <= (_vector_spacing << 0x5))), function at exception vector 5 too large)

.vector_6       0x9fc012c0        0x8
 *(.vector_6)
 .vector_6      0x9fc012c0        0x8 c:/program files (x86)/microchip/xc32/v1.40/bin/bin/../../lib/gcc/pic32mx/4.8.3/../../../../pic32mx/lib\libpic32.a(vector6.o)
                0x9fc012c0                __vector_dispatch_6
                0x00000001                ASSERT (((_vector_spacing == 0x0) || (SIZEOF (.vector_6) <= (_vector_spacing << 0x5))), function at exception vector 6 too large)

.vector_7       0x9fc012e0        0x8
 *(.vector_7)
 .vector_7      0x9fc012e0        0x8 c:/program files (x86)/microchip/xc32/v1.40/bin/bin/../../lib/gcc/pic32mx/4.8.3/../../../../pic32mx/lib\libpic32.a(vector7.o)
                0x9fc012e0                __vector_dispatch_7
                0x00000001                ASSERT (((_vector_spacing == 0x0) || (SIZEOF (.vector_7) <= (_vector_spacing << 0x5))), function at exception vector 7 too large)

.vector_8       0x9fc01300        0x8
 *(.vector_8)
 .vector_8      0x9fc01300        0x8 c:/program files (x86)/microchip/xc32/v1.40/bin/bin/../../lib/gcc/pic32mx/4.8.3/../../../../pic32mx/lib\libpic32.a(vector8.o)
                0x9fc01300                __vector_dispatch_8
                0x00000001                ASSERT (((_vector_spacing == 0x0) || (SIZEOF (.vector_8) <= (_vector_spacing << 0x5))), function at exception vector 8 too large)

.vector_9       0x9fc01320        0x8
 *(.vector_9)
 .vector_9      0x9fc01320        0x8 c:/program files (x86)/microchip/xc32/v1.40/bin/bin/../../lib/gcc/pic32mx/4.8.3/../../../../pic32mx/lib\libpic32.a(vector9.o)
                0x9fc01320                __vector_dispatch_9
                0x00000001                ASSERT (((_vector_spacing == 0x0) || (SIZEOF (.vector_9) <= (_vector_spacing << 0x5))), function at exception vector 9 too large)

.vector_10      0x9fc01340        0x8
 *(.vector_10)
 .vector_10     0x9fc01340        0x8 c:/program files (x86)/microchip/xc32/v1.40/bin/bin/../../lib/gcc/pic32mx/4.8.3/../../../../pic32mx/lib\libpic32.a(vector10.o)
                0x9fc01340                __vector_dispatch_10
                0x00000001                ASSERT (((_vector_spacing == 0x0) || (SIZEOF (.vector_10) <= (_vector_spacing << 0x5))), function at exception vector 10 too large)

.vector_11      0x9fc01360        0x8
 *(.vector_11)
 .vector_11     0x9fc01360        0x8 c:/program files (x86)/microchip/xc32/v1.40/bin/bin/../../lib/gcc/pic32mx/4.8.3/../../../../pic32mx/lib\libpic32.a(vector11.o)
                0x9fc01360                __vector_dispatch_11
                0x00000001                ASSERT (((_vector_spacing == 0x0) || (SIZEOF (.vector_11) <= (_vector_spacing << 0x5))), function at exception vector 11 too large)

.vector_12      0x9fc01380        0x8
 *(.vector_12)
 .vector_12     0x9fc01380        0x8 c:/program files (x86)/microchip/xc32/v1.40/bin/bin/../../lib/gcc/pic32mx/4.8.3/../../../../pic32mx/lib\libpic32.a(vector12.o)
                0x9fc01380                __vector_dispatch_12
                0x00000001                ASSERT (((_vector_spacing == 0x0) || (SIZEOF (.vector_12) <= (_vector_spacing << 0x5))), function at exception vector 12 too large)

.vector_13      0x9fc013a0        0x8
 *(.vector_13)
 .vector_13     0x9fc013a0        0x8 c:/program files (x86)/microchip/xc32/v1.40/bin/bin/../../lib/gcc/pic32mx/4.8.3/../../../../pic32mx/lib\libpic32.a(vector13.o)
                0x9fc013a0                __vector_dispatch_13
                0x00000001                ASSERT (((_vector_spacing == 0x0) || (SIZEOF (.vector_13) <= (_vector_spacing << 0x5))), function at exception vector 13 too large)

.vector_14      0x9fc013c0        0x8
 *(.vector_14)
 .vector_14     0x9fc013c0        0x8 c:/program files (x86)/microchip/xc32/v1.40/bin/bin/../../lib/gcc/pic32mx/4.8.3/../../../../pic32mx/lib\libpic32.a(vector14.o)
                0x9fc013c0                __vector_dispatch_14
                0x00000001                ASSERT (((_vector_spacing == 0x0) || (SIZEOF (.vector_14) <= (_vector_spacing << 0x5))), function at exception vector 14 too large)

.vector_15      0x9fc013e0        0x8
 *(.vector_15)
 .vector_15     0x9fc013e0        0x8 c:/program files (x86)/microchip/xc32/v1.40/bin/bin/../../lib/gcc/pic32mx/4.8.3/../../../../pic32mx/lib\libpic32.a(vector15.o)
                0x9fc013e0                __vector_dispatch_15
                0x00000001                ASSERT (((_vector_spacing == 0x0) || (SIZEOF (.vector_15) <= (_vector_spacing << 0x5))), function at exception vector 15 too large)

.vector_16      0x9fc01400        0x8
 *(.vector_16)
 .vector_16     0x9fc01400        0x8 c:/program files (x86)/microchip/xc32/v1.40/bin/bin/../../lib/gcc/pic32mx/4.8.3/../../../../pic32mx/lib\libpic32.a(vector16.o)
                0x9fc01400                __vector_dispatch_16
                0x00000001                ASSERT (((_vector_spacing == 0x0) || (SIZEOF (.vector_16) <= (_vector_spacing << 0x5))), function at exception vector 16 too large)

.vector_17      0x9fc01420        0x8
 *(.vector_17)
 .vector_17     0x9fc01420        0x8 c:/program files (x86)/microchip/xc32/v1.40/bin/bin/../../lib/gcc/pic32mx/4.8.3/../../../../pic32mx/lib\libpic32.a(vector17.o)
                0x9fc01420                __vector_dispatch_17
                0x00000001                ASSERT (((_vector_spacing == 0x0) || (SIZEOF (.vector_17) <= (_vector_spacing << 0x5))), function at exception vector 17 too large)

.vector_18      0x9fc01440        0x8
 *(.vector_18)
 .vector_18     0x9fc01440        0x8 c:/program files (x86)/microchip/xc32/v1.40/bin/bin/../../lib/gcc/pic32mx/4.8.3/../../../../pic32mx/lib\libpic32.a(vector18.o)
                0x9fc01440                __vector_dispatch_18
                0x00000001                ASSERT (((_vector_spacing == 0x0) || (SIZEOF (.vector_18) <= (_vector_spacing << 0x5))), function at exception vector 18 too large)

.vector_19      0x9fc01460        0x8
 *(.vector_19)
 .vector_19     0x9fc01460        0x8 c:/program files (x86)/microchip/xc32/v1.40/bin/bin/../../lib/gcc/pic32mx/4.8.3/../../../../pic32mx/lib\libpic32.a(vector19.o)
                0x9fc01460                __vector_dispatch_19
                0x00000001                ASSERT (((_vector_spacing == 0x0) || (SIZEOF (.vector_19) <= (_vector_spacing << 0x5))), function at exception vector 19 too large)

.vector_20      0x9fc01480        0x8
 *(.vector_20)
 .vector_20     0x9fc01480        0x8 c:/program files (x86)/microchip/xc32/v1.40/bin/bin/../../lib/gcc/pic32mx/4.8.3/../../../../pic32mx/lib\libpic32.a(vector20.o)
                0x9fc01480                __vector_dispatch_20
                0x00000001                ASSERT (((_vector_spacing == 0x0) || (SIZEOF (.vector_20) <= (_vector_spacing << 0x5))), function at exception vector 20 too large)

.vector_21      0x9fc014a0        0x8
 *(.vector_21)
 .vector_21     0x9fc014a0        0x8 c:/program files (x86)/microchip/xc32/v1.40/bin/bin/../../lib/gcc/pic32mx/4.8.3/../../../../pic32mx/lib\libpic32.a(vector21.o)
                0x9fc014a0                __vector_dispatch_21
                0x00000001                ASSERT (((_vector_spacing == 0x0) || (SIZEOF (.vector_21) <= (_vector_spacing << 0x5))), function at exception vector 21 too large)

.vector_22      0x9fc014c0        0x8
 *(.vector_22)
 .vector_22     0x9fc014c0        0x8 c:/program files (x86)/microchip/xc32/v1.40/bin/bin/../../lib/gcc/pic32mx/4.8.3/../../../../pic32mx/lib\libpic32.a(vector22.o)
                0x9fc014c0                __vector_dispatch_22
                0x00000001                ASSERT (((_vector_spacing == 0x0) || (SIZEOF (.vector_22) <= (_vector_spacing << 0x5))), function at exception vector 22 too large)

.vector_23      0x9fc014e0        0x8
 *(.vector_23)
 .vector_23     0x9fc014e0        0x8 c:/program files (x86)/microchip/xc32/v1.40/bin/bin/../../lib/gcc/pic32mx/4.8.3/../../../../pic32mx/lib\libpic32.a(vector23.o)
                0x9fc014e0                __vector_dispatch_23
                0x00000001                ASSERT (((_vector_spacing == 0x0) || (SIZEOF (.vector_23) <= (_vector_spacing << 0x5))), function at exception vector 23 too large)

.vector_24      0x9fc01500       0x10
 *(.vector_24)
 .vector_24     0x9fc01500       0x10 build/default/production/_ext/1688732426/system_interrupt_a.o
                0x9fc01500                __vector_dispatch_24
                0x00000001                ASSERT (((_vector_spacing == 0x0) || (SIZEOF (.vector_24) <= (_vector_spacing << 0x5))), function at exception vector 24 too large)

.vector_25      0x9fc01520        0x8
 *(.vector_25)
 .vector_25     0x9fc01520        0x8 c:/program files (x86)/microchip/xc32/v1.40/bin/bin/../../lib/gcc/pic32mx/4.8.3/../../../../pic32mx/lib\libpic32.a(vector25.o)
                0x9fc01520                __vector_dispatch_25
                0x00000001                ASSERT (((_vector_spacing == 0x0) || (SIZEOF (.vector_25) <= (_vector_spacing << 0x5))), function at exception vector 25 too large)

.vector_26      0x9fc01540        0x8
 *(.vector_26)
 .vector_26     0x9fc01540        0x8 c:/program files (x86)/microchip/xc32/v1.40/bin/bin/../../lib/gcc/pic32mx/4.8.3/../../../../pic32mx/lib\libpic32.a(vector26.o)
                0x9fc01540                __vector_dispatch_26
                0x00000001                ASSERT (((_vector_spacing == 0x0) || (SIZEOF (.vector_26) <= (_vector_spacing << 0x5))), function at exception vector 26 too large)

.vector_27      0x9fc01560        0x8
 *(.vector_27)
 .vector_27     0x9fc01560        0x8 c:/program files (x86)/microchip/xc32/v1.40/bin/bin/../../lib/gcc/pic32mx/4.8.3/../../../../pic32mx/lib\libpic32.a(vector27.o)
                0x9fc01560                __vector_dispatch_27
                0x00000001                ASSERT (((_vector_spacing == 0x0) || (SIZEOF (.vector_27) <= (_vector_spacing << 0x5))), function at exception vector 27 too large)

.vector_28      0x9fc01580        0x8
 *(.vector_28)
 .vector_28     0x9fc01580        0x8 c:/program files (x86)/microchip/xc32/v1.40/bin/bin/../../lib/gcc/pic32mx/4.8.3/../../../../pic32mx/lib\libpic32.a(vector28.o)
                0x9fc01580                __vector_dispatch_28
                0x00000001                ASSERT (((_vector_spacing == 0x0) || (SIZEOF (.vector_28) <= (_vector_spacing << 0x5))), function at exception vector 28 too large)

.vector_29      0x9fc015a0        0x8
 *(.vector_29)
 .vector_29     0x9fc015a0        0x8 c:/program files (x86)/microchip/xc32/v1.40/bin/bin/../../lib/gcc/pic32mx/4.8.3/../../../../pic32mx/lib\libpic32.a(vector29.o)
                0x9fc015a0                __vector_dispatch_29
                0x00000001                ASSERT (((_vector_spacing == 0x0) || (SIZEOF (.vector_29) <= (_vector_spacing << 0x5))), function at exception vector 29 too large)

.vector_30      0x9fc015c0        0x8
 *(.vector_30)
 .vector_30     0x9fc015c0        0x8 c:/program files (x86)/microchip/xc32/v1.40/bin/bin/../../lib/gcc/pic32mx/4.8.3/../../../../pic32mx/lib\libpic32.a(vector30.o)
                0x9fc015c0                __vector_dispatch_30
                0x00000001                ASSERT (((_vector_spacing == 0x0) || (SIZEOF (.vector_30) <= (_vector_spacing << 0x5))), function at exception vector 30 too large)

.vector_31      0x9fc015e0        0x8
 *(.vector_31)
 .vector_31     0x9fc015e0        0x8 c:/program files (x86)/microchip/xc32/v1.40/bin/bin/../../lib/gcc/pic32mx/4.8.3/../../../../pic32mx/lib\libpic32.a(vector31.o)
                0x9fc015e0                __vector_dispatch_31
                0x00000001                ASSERT (((_vector_spacing == 0x0) || (SIZEOF (.vector_31) <= (_vector_spacing << 0x5))), function at exception vector 31 too large)

.vector_32      0x9fc01600        0x8
 *(.vector_32)
 .vector_32     0x9fc01600        0x8 c:/program files (x86)/microchip/xc32/v1.40/bin/bin/../../lib/gcc/pic32mx/4.8.3/../../../../pic32mx/lib\libpic32.a(vector32.o)
                0x9fc01600                __vector_dispatch_32
                0x00000001                ASSERT (((_vector_spacing == 0x0) || (SIZEOF (.vector_32) <= (_vector_spacing << 0x5))), function at exception vector 32 too large)

.vector_33      0x9fc01620        0x8
 *(.vector_33)
 .vector_33     0x9fc01620        0x8 c:/program files (x86)/microchip/xc32/v1.40/bin/bin/../../lib/gcc/pic32mx/4.8.3/../../../../pic32mx/lib\libpic32.a(vector33.o)
                0x9fc01620                __vector_dispatch_33
                0x00000001                ASSERT (((_vector_spacing == 0x0) || (SIZEOF (.vector_33) <= (_vector_spacing << 0x5))), function at exception vector 33 too large)

.vector_34      0x9fc01640        0x8
 *(.vector_34)
 .vector_34     0x9fc01640        0x8 c:/program files (x86)/microchip/xc32/v1.40/bin/bin/../../lib/gcc/pic32mx/4.8.3/../../../../pic32mx/lib\libpic32.a(vector34.o)
                0x9fc01640                __vector_dispatch_34
                0x00000001                ASSERT (((_vector_spacing == 0x0) || (SIZEOF (.vector_34) <= (_vector_spacing << 0x5))), function at exception vector 34 too large)

.vector_35      0x9fc01660        0x8
 *(.vector_35)
 .vector_35     0x9fc01660        0x8 c:/program files (x86)/microchip/xc32/v1.40/bin/bin/../../lib/gcc/pic32mx/4.8.3/../../../../pic32mx/lib\libpic32.a(vector35.o)
                0x9fc01660                __vector_dispatch_35
                0x00000001                ASSERT (((_vector_spacing == 0x0) || (SIZEOF (.vector_35) <= (_vector_spacing << 0x5))), function at exception vector 35 too large)

.vector_36      0x9fc01680        0x8
 *(.vector_36)
 .vector_36     0x9fc01680        0x8 c:/program files (x86)/microchip/xc32/v1.40/bin/bin/../../lib/gcc/pic32mx/4.8.3/../../../../pic32mx/lib\libpic32.a(vector36.o)
                0x9fc01680                __vector_dispatch_36
                0x00000001                ASSERT (((_vector_spacing == 0x0) || (SIZEOF (.vector_36) <= (_vector_spacing << 0x5))), function at exception vector 36 too large)

.vector_37      0x9fc016a0        0x8
 *(.vector_37)
 .vector_37     0x9fc016a0        0x8 c:/program files (x86)/microchip/xc32/v1.40/bin/bin/../../lib/gcc/pic32mx/4.8.3/../../../../pic32mx/lib\libpic32.a(vector37.o)
                0x9fc016a0                __vector_dispatch_37
                0x00000001                ASSERT (((_vector_spacing == 0x0) || (SIZEOF (.vector_37) <= (_vector_spacing << 0x5))), function at exception vector 37 too large)

.vector_38      0x9fc016c0        0x8
 *(.vector_38)
 .vector_38     0x9fc016c0        0x8 c:/program files (x86)/microchip/xc32/v1.40/bin/bin/../../lib/gcc/pic32mx/4.8.3/../../../../pic32mx/lib\libpic32.a(vector38.o)
                0x9fc016c0                __vector_dispatch_38
                0x00000001                ASSERT (((_vector_spacing == 0x0) || (SIZEOF (.vector_38) <= (_vector_spacing << 0x5))), function at exception vector 38 too large)

.vector_39      0x9fc016e0        0x8
 *(.vector_39)
 .vector_39     0x9fc016e0        0x8 c:/program files (x86)/microchip/xc32/v1.40/bin/bin/../../lib/gcc/pic32mx/4.8.3/../../../../pic32mx/lib\libpic32.a(vector39.o)
                0x9fc016e0                __vector_dispatch_39
                0x00000001                ASSERT (((_vector_spacing == 0x0) || (SIZEOF (.vector_39) <= (_vector_spacing << 0x5))), function at exception vector 39 too large)

.vector_40      0x9fc01700        0x8
 *(.vector_40)
 .vector_40     0x9fc01700        0x8 c:/program files (x86)/microchip/xc32/v1.40/bin/bin/../../lib/gcc/pic32mx/4.8.3/../../../../pic32mx/lib\libpic32.a(vector40.o)
                0x9fc01700                __vector_dispatch_40
                0x00000001                ASSERT (((_vector_spacing == 0x0) || (SIZEOF (.vector_40) <= (_vector_spacing << 0x5))), function at exception vector 40 too large)

.vector_41      0x9fc01720        0x8
 *(.vector_41)
 .vector_41     0x9fc01720        0x8 c:/program files (x86)/microchip/xc32/v1.40/bin/bin/../../lib/gcc/pic32mx/4.8.3/../../../../pic32mx/lib\libpic32.a(vector41.o)
                0x9fc01720                __vector_dispatch_41
                0x00000001                ASSERT (((_vector_spacing == 0x0) || (SIZEOF (.vector_41) <= (_vector_spacing << 0x5))), function at exception vector 41 too large)

.vector_42      0x9fc01740        0x8
 *(.vector_42)
 .vector_42     0x9fc01740        0x8 c:/program files (x86)/microchip/xc32/v1.40/bin/bin/../../lib/gcc/pic32mx/4.8.3/../../../../pic32mx/lib\libpic32.a(vector42.o)
                0x9fc01740                __vector_dispatch_42
                0x00000001                ASSERT (((_vector_spacing == 0x0) || (SIZEOF (.vector_42) <= (_vector_spacing << 0x5))), function at exception vector 42 too large)

.vector_43      0x9fc01760        0x8
 *(.vector_43)
 .vector_43     0x9fc01760        0x8 c:/program files (x86)/microchip/xc32/v1.40/bin/bin/../../lib/gcc/pic32mx/4.8.3/../../../../pic32mx/lib\libpic32.a(vector43.o)
                0x9fc01760                __vector_dispatch_43
                0x00000001                ASSERT (((_vector_spacing == 0x0) || (SIZEOF (.vector_43) <= (_vector_spacing << 0x5))), function at exception vector 43 too large)

.vector_44      0x9fc01780        0x8
 *(.vector_44)
 .vector_44     0x9fc01780        0x8 c:/program files (x86)/microchip/xc32/v1.40/bin/bin/../../lib/gcc/pic32mx/4.8.3/../../../../pic32mx/lib\libpic32.a(vector44.o)
                0x9fc01780                __vector_dispatch_44
                0x00000001                ASSERT (((_vector_spacing == 0x0) || (SIZEOF (.vector_44) <= (_vector_spacing << 0x5))), function at exception vector 44 too large)

.vector_45      0x9fc017a0        0x8
 *(.vector_45)
 .vector_45     0x9fc017a0        0x8 c:/program files (x86)/microchip/xc32/v1.40/bin/bin/../../lib/gcc/pic32mx/4.8.3/../../../../pic32mx/lib\libpic32.a(vector45.o)
                0x9fc017a0                __vector_dispatch_45
                0x00000001                ASSERT (((_vector_spacing == 0x0) || (SIZEOF (.vector_45) <= (_vector_spacing << 0x5))), function at exception vector 45 too large)

.vector_46      0x9fc017c0        0x8
 *(.vector_46)
 .vector_46     0x9fc017c0        0x8 c:/program files (x86)/microchip/xc32/v1.40/bin/bin/../../lib/gcc/pic32mx/4.8.3/../../../../pic32mx/lib\libpic32.a(vector46.o)
                0x9fc017c0                __vector_dispatch_46
                0x00000001                ASSERT (((_vector_spacing == 0x0) || (SIZEOF (.vector_46) <= (_vector_spacing << 0x5))), function at exception vector 46 too large)

.vector_47      0x9fc017e0        0x8
 *(.vector_47)
 .vector_47     0x9fc017e0        0x8 c:/program files (x86)/microchip/xc32/v1.40/bin/bin/../../lib/gcc/pic32mx/4.8.3/../../../../pic32mx/lib\libpic32.a(vector47.o)
                0x9fc017e0                __vector_dispatch_47
                0x00000001                ASSERT (((_vector_spacing == 0x0) || (SIZEOF (.vector_47) <= (_vector_spacing << 0x5))), function at exception vector 47 too large)

.vector_48      0x9fc01800        0x8
 *(.vector_48)
 .vector_48     0x9fc01800        0x8 c:/program files (x86)/microchip/xc32/v1.40/bin/bin/../../lib/gcc/pic32mx/4.8.3/../../../../pic32mx/lib\libpic32.a(vector48.o)
                0x9fc01800                __vector_dispatch_48
                0x00000001                ASSERT (((_vector_spacing == 0x0) || (SIZEOF (.vector_48) <= (_vector_spacing << 0x5))), function at exception vector 48 too large)

.vector_49      0x9fc01820        0x8
 *(.vector_49)
 .vector_49     0x9fc01820        0x8 c:/program files (x86)/microchip/xc32/v1.40/bin/bin/../../lib/gcc/pic32mx/4.8.3/../../../../pic32mx/lib\libpic32.a(vector49.o)
                0x9fc01820                __vector_dispatch_49
                0x00000001                ASSERT (((_vector_spacing == 0x0) || (SIZEOF (.vector_49) <= (_vector_spacing << 0x5))), function at exception vector 49 too large)

.vector_50      0x9fc01840        0x8
 *(.vector_50)
 .vector_50     0x9fc01840        0x8 c:/program files (x86)/microchip/xc32/v1.40/bin/bin/../../lib/gcc/pic32mx/4.8.3/../../../../pic32mx/lib\libpic32.a(vector50.o)
                0x9fc01840                __vector_dispatch_50
                0x00000001                ASSERT (((_vector_spacing == 0x0) || (SIZEOF (.vector_50) <= (_vector_spacing << 0x5))), function at exception vector 50 too large)

.vector_51      0x9fc01860        0x8
 *(.vector_51)
 .vector_51     0x9fc01860        0x8 c:/program files (x86)/microchip/xc32/v1.40/bin/bin/../../lib/gcc/pic32mx/4.8.3/../../../../pic32mx/lib\libpic32.a(vector51.o)
                0x9fc01860                __vector_dispatch_51
                0x00000001                ASSERT (((_vector_spacing == 0x0) || (SIZEOF (.vector_51) <= (_vector_spacing << 0x5))), function at exception vector 51 too large)

.vector_52      0x9fc01880        0x0
 *(.vector_52)
                0x00000001                ASSERT (((_vector_spacing == 0x0) || (SIZEOF (.vector_52) <= (_vector_spacing << 0x5))), function at exception vector 52 too large)

.vector_53      0x9fc018a0        0x0
 *(.vector_53)
                0x00000001                ASSERT (((_vector_spacing == 0x0) || (SIZEOF (.vector_53) <= (_vector_spacing << 0x5))), function at exception vector 53 too large)

.vector_54      0x9fc018c0        0x0
 *(.vector_54)
                0x00000001                ASSERT (((_vector_spacing == 0x0) || (SIZEOF (.vector_54) <= (_vector_spacing << 0x5))), function at exception vector 54 too large)

.vector_55      0x9fc018e0        0x0
 *(.vector_55)
                0x00000001                ASSERT (((_vector_spacing == 0x0) || (SIZEOF (.vector_55) <= (_vector_spacing << 0x5))), function at exception vector 55 too large)

.vector_56      0x9fc01900        0x0
 *(.vector_56)
                0x00000001                ASSERT (((_vector_spacing == 0x0) || (SIZEOF (.vector_56) <= (_vector_spacing << 0x5))), function at exception vector 56 too large)

.vector_57      0x9fc01920        0x0
 *(.vector_57)
                0x00000001                ASSERT (((_vector_spacing == 0x0) || (SIZEOF (.vector_57) <= (_vector_spacing << 0x5))), function at exception vector 57 too large)

.vector_58      0x9fc01940        0x0
 *(.vector_58)
                0x00000001                ASSERT (((_vector_spacing == 0x0) || (SIZEOF (.vector_58) <= (_vector_spacing << 0x5))), function at exception vector 58 too large)

.vector_59      0x9fc01960        0x0
 *(.vector_59)
                0x00000001                ASSERT (((_vector_spacing == 0x0) || (SIZEOF (.vector_59) <= (_vector_spacing << 0x5))), function at exception vector 59 too large)

.vector_60      0x9fc01980        0x0
 *(.vector_60)
                0x00000001                ASSERT (((_vector_spacing == 0x0) || (SIZEOF (.vector_60) <= (_vector_spacing << 0x5))), function at exception vector 60 too large)

.vector_61      0x9fc019a0        0x0
 *(.vector_61)
                0x00000001                ASSERT (((_vector_spacing == 0x0) || (SIZEOF (.vector_61) <= (_vector_spacing << 0x5))), function at exception vector 61 too large)

.vector_62      0x9fc019c0        0x0
 *(.vector_62)
                0x00000001                ASSERT (((_vector_spacing == 0x0) || (SIZEOF (.vector_62) <= (_vector_spacing << 0x5))), function at exception vector 62 too large)

.vector_63      0x9fc019e0        0x0
 *(.vector_63)
                0x00000001                ASSERT (((_vector_spacing == 0x0) || (SIZEOF (.vector_63) <= (_vector_spacing << 0x5))), function at exception vector 63 too large)

.startup
 *(.startup)

.text           0x9d000000        0x0
 *(.stub .gnu.linkonce.t.*)
 *(.text.*personality*)
 *(.mips16.fn.*)
 *(.mips16.call.*)
 *(.gnu.warning)
                0x9d000000                . = ALIGN (0x4)

.init           0x9d000000        0x0
 *crti.o(.init)
 *crtbegin.o(.init)
 *(EXCLUDE_FILE(*crtn.o *crtend?.o *crtend.o) .init)
 *crtend.o(.init)
 *crtn.o(.init)
                0x9d000000                . = ALIGN (0x4)

.fini           0x9d000000        0x0
 *(.fini)
                0x9d000000                . = ALIGN (0x4)

.preinit_array  0x9d000000        0x0
                0x9d000000                PROVIDE (__preinit_array_start, .)
 *(.preinit_array)
                0x9d000000                PROVIDE (__preinit_array_end, .)
                0x9d000000                . = ALIGN (0x4)

.init_array     0x9d000000        0x0
                0x9d000000                PROVIDE (__init_array_start, .)
 *(SORT(.init_array.*))
 *(.init_array)
                0x9d000000                PROVIDE (__init_array_end, .)
                0x9d000000                . = ALIGN (0x4)

.fini_array     0x9d000000        0x0
                0x9d000000                PROVIDE (__fini_array_start, .)
 *(SORT(.fini_array.*))
 *(.fini_array)
                0x9d000000                PROVIDE (__fini_array_end, .)
                0x9d000000                . = ALIGN (0x4)

.ctors          0x9d000000        0x0
 *crtbegin.o(.ctors)
 *crtbegin?.o(.ctors)
 *(EXCLUDE_FILE(*crtend?.o *crtend.o) .ctors)
 *(SORT(.ctors.*))
 *(.ctors)
                0x9d000000                . = ALIGN (0x4)

.dtors          0x9d000000        0x0
 *crtbegin.o(.dtors)
 *crtbegin?.o(.dtors)
 *(EXCLUDE_FILE(*crtend?.o *crtend.o) .dtors)
 *(SORT(.dtors.*))
 *(.dtors)
                0x9d000000                . = ALIGN (0x4)

.rodata         0x9d000000        0x0
 *(.gnu.linkonce.r.*)
 *(.rodata1)
                0x9d000000                . = ALIGN (0x4)

.sdata2         0x9fc00490        0x0
 *(.sdata2 .sdata2.* .gnu.linkonce.s2.*)
                0x9fc00490                . = ALIGN (0x4)

.sbss2          0x9fc00490        0x0
 *(.sbss2 .sbss2.* .gnu.linkonce.sb2.*)
                0x9fc00490                . = ALIGN (0x4)

.eh_frame_hdr
 *(.eh_frame_hdr)
                0x9fc00490                . = ALIGN (0x4)

.eh_frame
 *(.eh_frame)
                0x9fc00490                . = ALIGN (0x4)

.gcc_except_table
 *(.gcc_except_table .gcc_except_table.*)
                0x9fc00490                . = ALIGN (0x4)

.dbg_data       0xa0000000        0x0
                0xa0000000                . = (. + DEFINED (_DEBUGGER)?0x200:0x0)

.jcr            0xa0000000        0x0
 *(.jcr)
                0xa0000000                . = ALIGN (0x4)

.eh_frame
 *(.eh_frame)
                0xa0000000                . = ALIGN (0x4)

.gcc_except_table
 *(.gcc_except_table .gcc_except_table.*)
                0xa0000000                . = ALIGN (0x4)

.persist        0xa0000000        0x0
                0xa0000000                _persist_begin = .
 *(.persist .persist.*)
 *(.pbss .pbss.*)
                0xa0000000                . = ALIGN (0x4)
                0xa0000000                _persist_end = .

.data           0xa0000000        0x0
 *(.gnu.linkonce.d.*)
 *(.data1)
                0xa0000000                . = ALIGN (0x4)
                0xa0000000                . = .
                0xa0007ff0                _gp = (ALIGN (0x10) + 0x7ff0)

.got            0xa0000000        0x0
 *(.got.plt)
 *(.got)
                0xa0000000                . = ALIGN (0x4)

.sdata          0xa0000000        0x8
                0xa0000000                _sdata_begin = .
 *(.sdata .sdata.* .gnu.linkonce.s.*)
 .sdata         0xa0000000        0x4 build/default/production/_ext/1872676768/tasks.o
 .sdata         0xa0000004        0x4 build/default/production/_ext/697681558/port.o
                0xa0000004                uxInterruptNesting
                0xa0000008                . = ALIGN (0x4)
                0xa0000008                _sdata_end = .

.lit8
 *(.lit8)

.lit4
 *(.lit4)
                0xa0000008                . = ALIGN (0x4)
                0xa0000008                _data_end = .
                0xa0000008                _bss_begin = .

.sbss           0xa0000008       0x78
                0xa0000008                _sbss_begin = .
 *(.dynsbss)
 *(.sbss .sbss.* .gnu.linkonce.sb.*)
 .sbss          0xa0000008        0x4 build/default/production/_ext/1360937237/timer.o
                0xa0000008                ticks
 .sbss          0xa000000c       0x34 build/default/production/_ext/1872676768/tasks.o
                0xa000000c                pxCurrentTCB
 .sbss          0xa0000040       0x10 build/default/production/_ext/1872676768/timers.o
 .sbss          0xa0000050        0x8 build/default/production/_ext/18731709/heap_1.o
 .sbss          0xa0000058        0x4 build/default/production/_ext/697681558/port.o
                0xa0000058                uxSavedTaskStackPointer
 .sbss          0xa000005c        0xc build/default/production/_ext/1688732426/system_exceptions.o
 *(.scommon)
 .scommon       0xa0000068        0x1 build/default/production/_ext/1360937237/lead_rover.o
                0xa0000068                lead_roverMessage
 *fill*         0xa0000069        0x3 
 .scommon       0xa000006c        0x8 build/default/production/_ext/1360937237/debugging_task.o
                0xa000006c                debugging_taskData
 .scommon       0xa0000074        0x0 build/default/production/_ext/1360937237/messaging_task.o
 .scommon       0xa0000074        0x8 build/default/production/_ext/1184397185/sys_devcon.o
                0xa0000074                sysDevconObj
 .scommon       0xa000007c        0x4 build/default/production/_ext/1688732426/system_init.o
                0xa000007c                sysObj
 .scommon       0xa0000080        0x0 build/default/production/_ext/1688732426/system_interrupt.o
                0xa0000080                _sbss_end = .
                0xa0000080                . = ALIGN (0x4)

.bss            0xa0000080      0x124
 *(.dynbss)
 *(COMMON)
 COMMON         0xa0000080      0x118 build/default/production/_ext/1360937237/lead_rover.o
                0xa0000080                lead_roverData
 COMMON         0xa0000198        0xc build/default/production/_ext/1360937237/messaging_task.o
                0xa0000198                msg_taskData
                0xa00001a4                . = ALIGN ((. != 0x0)?0x4:0x1)
                0xa00001a4                . = ALIGN (0x4)
                0xa00001a4                _end = .
                0xa00001a4                _bss_end = .
                0x00020000                _bmxdudba_address = 0x20000
                0x00020000                _bmxdupba_address = 0x20000

/DISCARD/
 *(.pdr)
 *(.rel.dyn)
 *(.note.GNU-stack)
 *(.note.GNU-stack)
 *(.gnu_debuglink)
 *(.gnu.lto_*)
 *(.discard)

.gptab.sdata
 *(.gptab.data)
 *(.gptab.sdata)

.gptab.sbss
 *(.gptab.bss)
 *(.gptab.sbss)

.mdebug.abi32   0xa00001a4        0x0
 *(.mdebug.abi32)
 .mdebug.abi32  0xa00001a4        0x0 build/default/production/_ext/1360937237/lead_rover.o
 .mdebug.abi32  0xa00001a4        0x0 build/default/production/_ext/1360937237/main.o
 .mdebug.abi32  0xa00001a4        0x0 build/default/production/_ext/1360937237/timer.o
 .mdebug.abi32  0xa00001a4        0x0 build/default/production/_ext/1360937237/debugging_task.o
 .mdebug.abi32  0xa00001a4        0x0 build/default/production/_ext/1360937237/messaging_task.o
 .mdebug.abi32  0xa00001a4        0x0 build/default/production/_ext/1924263045/osal_freertos.o
 .mdebug.abi32  0xa00001a4        0x0 build/default/production/_ext/1184397185/sys_devcon.o
 .mdebug.abi32  0xa00001a4        0x0 build/default/production/_ext/1184397185/sys_devcon_pic32mx.o
 .mdebug.abi32  0xa00001a4        0x0 build/default/production/_ext/773654843/sys_int_pic32.o
 .mdebug.abi32  0xa00001a4        0x0 build/default/production/_ext/1720996136/sys_ports.o
 .mdebug.abi32  0xa00001a4        0x0 build/default/production/_ext/1872676768/croutine.o
 .mdebug.abi32  0xa00001a4        0x0 build/default/production/_ext/1872676768/list.o
 .mdebug.abi32  0xa00001a4        0x0 build/default/production/_ext/1872676768/queue.o
 .mdebug.abi32  0xa00001a4        0x0 build/default/production/_ext/1872676768/tasks.o
 .mdebug.abi32  0xa00001a4        0x0 build/default/production/_ext/1872676768/timers.o
 .mdebug.abi32  0xa00001a4        0x0 build/default/production/_ext/1872676768/event_groups.o
 .mdebug.abi32  0xa00001a4        0x0 build/default/production/_ext/18731709/heap_1.o
 .mdebug.abi32  0xa00001a4        0x0 build/default/production/_ext/697681558/port.o
 .mdebug.abi32  0xa00001a4        0x0 build/default/production/_ext/1345626252/drv_usart_static.o
 .mdebug.abi32  0xa00001a4        0x0 build/default/production/_ext/639803181/sys_clk_static.o
 .mdebug.abi32  0xa00001a4        0x0 build/default/production/_ext/822048611/sys_ports_static.o
 .mdebug.abi32  0xa00001a4        0x0 build/default/production/_ext/1688732426/system_init.o
 .mdebug.abi32  0xa00001a4        0x0 build/default/production/_ext/1688732426/system_interrupt.o
 .mdebug.abi32  0xa00001a4        0x0 build/default/production/_ext/1688732426/system_exceptions.o
 .mdebug.abi32  0xa00001a4        0x0 build/default/production/_ext/1688732426/system_tasks.o
 .mdebug.abi32  0xa00001a4        0x0 build/default/production/_ext/1688732426/rtos_hooks.o
 .mdebug.abi32  0xa00001a4        0x0 c:/program files (x86)/microchip/xc32/v1.40/bin/bin/../../lib/gcc/pic32mx/4.8.3/../../../../pic32mx/lib\libpic32.a(default-bootstrap-exception-handler.o)
 .mdebug.abi32  0xa00001a4        0x0 c:/program files (x86)/microchip/xc32/v1.40/bin/bin/../../lib/gcc/pic32mx/4.8.3/../../../../pic32mx/lib\libpic32.a(default-on-reset.o)
 .mdebug.abi32  0xa00001a4        0x0 c:/program files (x86)/microchip/xc32/v1.40/bin/bin/../../lib/gcc/pic32mx/4.8.3/../../../../pic32mx/lib\libpic32.a(default-on-bootstrap.o)
 .mdebug.abi32  0xa00001a4        0x0 c:/program files (x86)/microchip/xc32/v1.40/bin/bin/../../lib/gcc/pic32mx/4.8.3/../../../../pic32mx/lib\libpic32.a(defaultinterrupt.o)

.mdebug.abiN32
 *(.mdebug.abiN32)

.mdebug.abi64
 *(.mdebug.abi64)

.mdebug.abiO64
 *(.mdebug.abiO64)

.mdebug.eabi32
 *(.mdebug.eabi32)

.mdebug.eabi64
 *(.mdebug.eabi64)

.gcc_compiled_long32
 *(.gcc_compiled_long32)

.gcc_compiled_long64
 *(.gcc_compiled_long64)

.stab
 *(.stab)

.stabstr
 *(.stabstr)

.stab.excl
 *(.stab.excl)

.stab.exclstr
 *(.stab.exclstr)

.stab.index
 *(.stab.index)

.stab.indexstr
 *(.stab.indexstr)

.comment        0x00000000       0x6c
 *(.comment)
 .comment       0x00000000       0x3c build/default/production/_ext/1360937237/lead_rover.o
                                 0x3d (size before relaxing)
 .comment       0x00000000       0x3d build/default/production/_ext/1360937237/main.o
 .comment       0x00000000       0x3d build/default/production/_ext/1360937237/timer.o
 .comment       0x00000000       0x3d build/default/production/_ext/1360937237/debugging_task.o
 .comment       0x00000000       0x3d build/default/production/_ext/1360937237/messaging_task.o
 .comment       0x00000000       0x3d build/default/production/_ext/1924263045/osal_freertos.o
 .comment       0x00000000       0x3d build/default/production/_ext/1184397185/sys_devcon.o
 .comment       0x00000000       0x3d build/default/production/_ext/1184397185/sys_devcon_pic32mx.o
 .comment       0x00000000       0x3d build/default/production/_ext/773654843/sys_int_pic32.o
 .comment       0x00000000       0x3d build/default/production/_ext/1720996136/sys_ports.o
 .comment       0x00000000       0x3d build/default/production/_ext/1872676768/croutine.o
 .comment       0x00000000       0x3d build/default/production/_ext/1872676768/list.o
 .comment       0x00000000       0x3d build/default/production/_ext/1872676768/queue.o
 .comment       0x00000000       0x3d build/default/production/_ext/1872676768/tasks.o
 .comment       0x00000000       0x3d build/default/production/_ext/1872676768/timers.o
 .comment       0x00000000       0x3d build/default/production/_ext/1872676768/event_groups.o
 .comment       0x00000000       0x3d build/default/production/_ext/18731709/heap_1.o
 .comment       0x00000000       0x3d build/default/production/_ext/697681558/port.o
 .comment       0x00000000       0x3d build/default/production/_ext/1345626252/drv_usart_static.o
 .comment       0x00000000       0x3d build/default/production/_ext/639803181/sys_clk_static.o
 .comment       0x00000000       0x3d build/default/production/_ext/822048611/sys_ports_static.o
 .comment       0x00000000       0x3d build/default/production/_ext/1688732426/system_init.o
 .comment       0x00000000       0x3d build/default/production/_ext/1688732426/system_interrupt.o
 .comment       0x00000000       0x3d build/default/production/_ext/1688732426/system_exceptions.o
 .comment       0x00000000       0x3d build/default/production/_ext/1688732426/system_tasks.o
 .comment       0x00000000       0x3d build/default/production/_ext/1688732426/rtos_hooks.o
 .comment       0x0000003c       0x18 c:/program files (x86)/microchip/xc32/v1.40/bin/bin/../../lib/gcc/pic32mx/4.8.3/../../../../pic32mx/lib\libpic32.a(memset.o)
                                 0x19 (size before relaxing)
 .comment       0x00000000       0x3d c:/program files (x86)/microchip/xc32/v1.40/bin/bin/../../lib/gcc/pic32mx/4.8.3/../../../../pic32mx/lib\libpic32.a(default-bootstrap-exception-handler.o)
 .comment       0x00000000       0x3d c:/program files (x86)/microchip/xc32/v1.40/bin/bin/../../lib/gcc/pic32mx/4.8.3/../../../../pic32mx/lib\libpic32.a(default-on-reset.o)
 .comment       0x00000000       0x3d c:/program files (x86)/microchip/xc32/v1.40/bin/bin/../../lib/gcc/pic32mx/4.8.3/../../../../pic32mx/lib\libpic32.a(default-on-bootstrap.o)
 .comment       0x00000054       0x18 c:/program files (x86)/microchip/xc32/v1.40/bin/bin/../../lib/gcc/pic32mx/4.8.3/../../../../pic32mx/lib\libpic32.a(memcmp.o)
                                 0x19 (size before relaxing)
 .comment       0x00000000       0x3d c:/program files (x86)/microchip/xc32/v1.40/bin/bin/../../lib/gcc/pic32mx/4.8.3/../../../../pic32mx/lib\libpic32.a(defaultinterrupt.o)

.debug
 *(.debug)

.line
 *(.line)

.debug_srcinfo
 *(.debug_srcinfo)

.debug_sfnames
 *(.debug_sfnames)

.debug_aranges  0x00000000      0x9a8
 *(.debug_aranges)
 .debug_aranges
                0x00000000       0x68 build/default/production/_ext/1360937237/lead_rover.o
 .debug_aranges
                0x00000068       0x20 build/default/production/_ext/1360937237/main.o
 .debug_aranges
                0x00000088       0x20 build/default/production/_ext/1360937237/timer.o
 .debug_aranges
                0x000000a8       0x48 build/default/production/_ext/1360937237/debugging_task.o
 .debug_aranges
                0x000000f0       0x50 build/default/production/_ext/1360937237/messaging_task.o
 .debug_aranges
                0x00000140       0x88 build/default/production/_ext/1924263045/osal_freertos.o
 .debug_aranges
                0x000001c8       0x78 build/default/production/_ext/1184397185/sys_devcon.o
 .debug_aranges
                0x00000240       0x20 build/default/production/_ext/1184397185/sys_devcon_pic32mx.o
 .debug_aranges
                0x00000260       0x48 build/default/production/_ext/773654843/sys_int_pic32.o
 .debug_aranges
                0x000002a8       0xf8 build/default/production/_ext/1720996136/sys_ports.o
 .debug_aranges
                0x000003a0       0x18 build/default/production/_ext/1872676768/croutine.o
 .debug_aranges
                0x000003b8       0x40 build/default/production/_ext/1872676768/list.o
 .debug_aranges
                0x000003f8       0xb8 build/default/production/_ext/1872676768/queue.o
 .debug_aranges
                0x000004b0      0x178 build/default/production/_ext/1872676768/tasks.o
 .debug_aranges
                0x00000628       0x70 build/default/production/_ext/1872676768/timers.o
 .debug_aranges
                0x00000698       0x60 build/default/production/_ext/1872676768/event_groups.o
 .debug_aranges
                0x000006f8       0x38 build/default/production/_ext/18731709/heap_1.o
 .debug_aranges
                0x00000730       0x58 build/default/production/_ext/697681558/port.o
 .debug_aranges
                0x00000788       0x20 build/default/production/_ext/697681558/port_asm.o
 .debug_aranges
                0x000007a8       0x38 build/default/production/_ext/1345626252/drv_usart_static.o
 .debug_aranges
                0x000007e0       0x38 build/default/production/_ext/639803181/sys_clk_static.o
 .debug_aranges
                0x00000818       0x20 build/default/production/_ext/822048611/sys_ports_static.o
 .debug_aranges
                0x00000838       0x20 build/default/production/_ext/1688732426/system_init.o
 .debug_aranges
                0x00000858       0x20 build/default/production/_ext/1688732426/system_interrupt.o
 .debug_aranges
                0x00000878       0x20 build/default/production/_ext/1688732426/system_exceptions.o
 .debug_aranges
                0x00000898       0x40 build/default/production/_ext/1688732426/system_tasks.o
 .debug_aranges
                0x000008d8       0x28 build/default/production/_ext/1688732426/system_interrupt_a.o
 .debug_aranges
                0x00000900       0x28 build/default/production/_ext/1688732426/rtos_hooks.o
 .debug_aranges
                0x00000928       0x20 c:/program files (x86)/microchip/xc32/v1.40/bin/bin/../../lib/gcc/pic32mx/4.8.3/../../../../pic32mx/lib\libpic32.a(default-bootstrap-exception-handler.o)
 .debug_aranges
                0x00000948       0x20 c:/program files (x86)/microchip/xc32/v1.40/bin/bin/../../lib/gcc/pic32mx/4.8.3/../../../../pic32mx/lib\libpic32.a(default-on-reset.o)
 .debug_aranges
                0x00000968       0x20 c:/program files (x86)/microchip/xc32/v1.40/bin/bin/../../lib/gcc/pic32mx/4.8.3/../../../../pic32mx/lib\libpic32.a(default-on-bootstrap.o)
 .debug_aranges
                0x00000988       0x20 c:/program files (x86)/microchip/xc32/v1.40/bin/bin/../../lib/gcc/pic32mx/4.8.3/../../../../pic32mx/lib\libpic32.a(defaultinterrupt.o)

.debug_pubnames
 *(.debug_pubnames)

.debug_info     0x00000000    0x1c232
 *(.debug_info .gnu.linkonce.wi.*)
 .debug_info    0x00000000     0x1342 build/default/production/_ext/1360937237/lead_rover.o
 .debug_info    0x00001342      0x194 build/default/production/_ext/1360937237/main.o
 .debug_info    0x000014d6      0x697 build/default/production/_ext/1360937237/timer.o
 .debug_info    0x00001b6d      0xd53 build/default/production/_ext/1360937237/debugging_task.o
 .debug_info    0x000028c0     0x16e1 build/default/production/_ext/1360937237/messaging_task.o
 .debug_info    0x00003fa1      0xa55 build/default/production/_ext/1924263045/osal_freertos.o
 .debug_info    0x000049f6     0x1081 build/default/production/_ext/1184397185/sys_devcon.o
 .debug_info    0x00005a77      0xd58 build/default/production/_ext/1184397185/sys_devcon_pic32mx.o
 .debug_info    0x000067cf     0x15bf build/default/production/_ext/773654843/sys_int_pic32.o
 .debug_info    0x00007d8e     0x3242 build/default/production/_ext/1720996136/sys_ports.o
 .debug_info    0x0000afd0      0x174 build/default/production/_ext/1872676768/croutine.o
 .debug_info    0x0000b144      0x478 build/default/production/_ext/1872676768/list.o
 .debug_info    0x0000b5bc     0x1829 build/default/production/_ext/1872676768/queue.o
 .debug_info    0x0000cde5     0x29b1 build/default/production/_ext/1872676768/tasks.o
 .debug_info    0x0000f796     0x14fc build/default/production/_ext/1872676768/timers.o
 .debug_info    0x00010c92      0xd46 build/default/production/_ext/1872676768/event_groups.o
 .debug_info    0x000119d8      0x37a build/default/production/_ext/18731709/heap_1.o
 .debug_info    0x00011d52     0x11a3 build/default/production/_ext/697681558/port.o
 .debug_info    0x00012ef5       0xc2 build/default/production/_ext/697681558/port_asm.o
 .debug_info    0x00012fb7     0x32d6 build/default/production/_ext/1345626252/drv_usart_static.o
 .debug_info    0x0001628d      0xfc4 build/default/production/_ext/639803181/sys_clk_static.o
 .debug_info    0x00017251     0x1412 build/default/production/_ext/822048611/sys_ports_static.o
 .debug_info    0x00018663      0xbee build/default/production/_ext/1688732426/system_init.o
 .debug_info    0x00019251     0x1867 build/default/production/_ext/1688732426/system_interrupt.o
 .debug_info    0x0001aab8      0x6ca build/default/production/_ext/1688732426/system_exceptions.o
 .debug_info    0x0001b182      0xab2 build/default/production/_ext/1688732426/system_tasks.o
 .debug_info    0x0001bc34       0x86 build/default/production/_ext/1688732426/system_interrupt_a.o
 .debug_info    0x0001bcba      0x23c build/default/production/_ext/1688732426/rtos_hooks.o
 .debug_info    0x0001bef6       0xe3 c:/program files (x86)/microchip/xc32/v1.40/bin/bin/../../lib/gcc/pic32mx/4.8.3/../../../../pic32mx/lib\libpic32.a(default-bootstrap-exception-handler.o)
 .debug_info    0x0001bfd9       0xbd c:/program files (x86)/microchip/xc32/v1.40/bin/bin/../../lib/gcc/pic32mx/4.8.3/../../../../pic32mx/lib\libpic32.a(default-on-reset.o)
 .debug_info    0x0001c096       0xc5 c:/program files (x86)/microchip/xc32/v1.40/bin/bin/../../lib/gcc/pic32mx/4.8.3/../../../../pic32mx/lib\libpic32.a(default-on-bootstrap.o)
 .debug_info    0x0001c15b       0xd7 c:/program files (x86)/microchip/xc32/v1.40/bin/bin/../../lib/gcc/pic32mx/4.8.3/../../../../pic32mx/lib\libpic32.a(defaultinterrupt.o)

.debug_abbrev   0x00000000     0x2e92
 *(.debug_abbrev)
 .debug_abbrev  0x00000000      0x269 build/default/production/_ext/1360937237/lead_rover.o
 .debug_abbrev  0x00000269       0x93 build/default/production/_ext/1360937237/main.o
 .debug_abbrev  0x000002fc       0xbb build/default/production/_ext/1360937237/timer.o
 .debug_abbrev  0x000003b7      0x1cd build/default/production/_ext/1360937237/debugging_task.o
 .debug_abbrev  0x00000584      0x22e build/default/production/_ext/1360937237/messaging_task.o
 .debug_abbrev  0x000007b2      0x1fe build/default/production/_ext/1924263045/osal_freertos.o
 .debug_abbrev  0x000009b0      0x26d build/default/production/_ext/1184397185/sys_devcon.o
 .debug_abbrev  0x00000c1d      0x16d build/default/production/_ext/1184397185/sys_devcon_pic32mx.o
 .debug_abbrev  0x00000d8a      0x1d0 build/default/production/_ext/773654843/sys_int_pic32.o
 .debug_abbrev  0x00000f5a      0x219 build/default/production/_ext/1720996136/sys_ports.o
 .debug_abbrev  0x00001173       0x1b build/default/production/_ext/1872676768/croutine.o
 .debug_abbrev  0x0000118e       0xf1 build/default/production/_ext/1872676768/list.o
 .debug_abbrev  0x0000127f      0x2c4 build/default/production/_ext/1872676768/queue.o
 .debug_abbrev  0x00001543      0x383 build/default/production/_ext/1872676768/tasks.o
 .debug_abbrev  0x000018c6      0x337 build/default/production/_ext/1872676768/timers.o
 .debug_abbrev  0x00001bfd      0x29a build/default/production/_ext/1872676768/event_groups.o
 .debug_abbrev  0x00001e97      0x13f build/default/production/_ext/18731709/heap_1.o
 .debug_abbrev  0x00001fd6      0x2cf build/default/production/_ext/697681558/port.o
 .debug_abbrev  0x000022a5       0x14 build/default/production/_ext/697681558/port_asm.o
 .debug_abbrev  0x000022b9      0x1f5 build/default/production/_ext/1345626252/drv_usart_static.o
 .debug_abbrev  0x000024ae      0x1f8 build/default/production/_ext/639803181/sys_clk_static.o
 .debug_abbrev  0x000026a6      0x138 build/default/production/_ext/822048611/sys_ports_static.o
 .debug_abbrev  0x000027de      0x1dd build/default/production/_ext/1688732426/system_init.o
 .debug_abbrev  0x000029bb      0x1ca build/default/production/_ext/1688732426/system_interrupt.o
 .debug_abbrev  0x00002b85       0x7b build/default/production/_ext/1688732426/system_exceptions.o
 .debug_abbrev  0x00002c00      0x149 build/default/production/_ext/1688732426/system_tasks.o
 .debug_abbrev  0x00002d49       0x12 build/default/production/_ext/1688732426/system_interrupt_a.o
 .debug_abbrev  0x00002d5b       0x97 build/default/production/_ext/1688732426/rtos_hooks.o
 .debug_abbrev  0x00002df2       0x28 c:/program files (x86)/microchip/xc32/v1.40/bin/bin/../../lib/gcc/pic32mx/4.8.3/../../../../pic32mx/lib\libpic32.a(default-bootstrap-exception-handler.o)
 .debug_abbrev  0x00002e1a       0x28 c:/program files (x86)/microchip/xc32/v1.40/bin/bin/../../lib/gcc/pic32mx/4.8.3/../../../../pic32mx/lib\libpic32.a(default-on-reset.o)
 .debug_abbrev  0x00002e42       0x28 c:/program files (x86)/microchip/xc32/v1.40/bin/bin/../../lib/gcc/pic32mx/4.8.3/../../../../pic32mx/lib\libpic32.a(default-on-bootstrap.o)
 .debug_abbrev  0x00002e6a       0x28 c:/program files (x86)/microchip/xc32/v1.40/bin/bin/../../lib/gcc/pic32mx/4.8.3/../../../../pic32mx/lib\libpic32.a(defaultinterrupt.o)

.debug_line     0x00000000     0x5ea7
 *(.debug_line)
 .debug_line    0x00000000      0x474 build/default/production/_ext/1360937237/lead_rover.o
 .debug_line    0x00000474       0xa4 build/default/production/_ext/1360937237/main.o
 .debug_line    0x00000518      0x107 build/default/production/_ext/1360937237/timer.o
 .debug_line    0x0000061f      0x3b9 build/default/production/_ext/1360937237/debugging_task.o
 .debug_line    0x000009d8      0x3a2 build/default/production/_ext/1360937237/messaging_task.o
 .debug_line    0x00000d7a      0x2c4 build/default/production/_ext/1924263045/osal_freertos.o
 .debug_line    0x0000103e      0x5e7 build/default/production/_ext/1184397185/sys_devcon.o
 .debug_line    0x00001625      0x48f build/default/production/_ext/1184397185/sys_devcon_pic32mx.o
 .debug_line    0x00001ab4      0x39e build/default/production/_ext/773654843/sys_int_pic32.o
 .debug_line    0x00001e52      0x88b build/default/production/_ext/1720996136/sys_ports.o
 .debug_line    0x000026dd       0x1d build/default/production/_ext/1872676768/croutine.o
 .debug_line    0x000026fa      0x1e5 build/default/production/_ext/1872676768/list.o
 .debug_line    0x000028df      0x4ab build/default/production/_ext/1872676768/queue.o
 .debug_line    0x00002d8a      0x7ff build/default/production/_ext/1872676768/tasks.o
 .debug_line    0x00003589      0x396 build/default/production/_ext/1872676768/timers.o
 .debug_line    0x0000391f      0x32a build/default/production/_ext/1872676768/event_groups.o
 .debug_line    0x00003c49      0x220 build/default/production/_ext/18731709/heap_1.o
 .debug_line    0x00003e69      0x240 build/default/production/_ext/697681558/port.o
 .debug_line    0x000040a9      0x11d build/default/production/_ext/697681558/port_asm.o
 .debug_line    0x000041c6      0x637 build/default/production/_ext/1345626252/drv_usart_static.o
 .debug_line    0x000047fd      0x373 build/default/production/_ext/639803181/sys_clk_static.o
 .debug_line    0x00004b70      0x3b7 build/default/production/_ext/822048611/sys_ports_static.o
 .debug_line    0x00004f27      0x3b0 build/default/production/_ext/1688732426/system_init.o
 .debug_line    0x000052d7      0x3df build/default/production/_ext/1688732426/system_interrupt.o
 .debug_line    0x000056b6       0xd6 build/default/production/_ext/1688732426/system_exceptions.o
 .debug_line    0x0000578c      0x338 build/default/production/_ext/1688732426/system_tasks.o
 .debug_line    0x00005ac4       0x7b build/default/production/_ext/1688732426/system_interrupt_a.o
 .debug_line    0x00005b3f      0x12f build/default/production/_ext/1688732426/rtos_hooks.o
 .debug_line    0x00005c6e       0x97 c:/program files (x86)/microchip/xc32/v1.40/bin/bin/../../lib/gcc/pic32mx/4.8.3/../../../../pic32mx/lib\libpic32.a(default-bootstrap-exception-handler.o)
 .debug_line    0x00005d05       0x84 c:/program files (x86)/microchip/xc32/v1.40/bin/bin/../../lib/gcc/pic32mx/4.8.3/../../../../pic32mx/lib\libpic32.a(default-on-reset.o)
 .debug_line    0x00005d89       0x88 c:/program files (x86)/microchip/xc32/v1.40/bin/bin/../../lib/gcc/pic32mx/4.8.3/../../../../pic32mx/lib\libpic32.a(default-on-bootstrap.o)
 .debug_line    0x00005e11       0x96 c:/program files (x86)/microchip/xc32/v1.40/bin/bin/../../lib/gcc/pic32mx/4.8.3/../../../../pic32mx/lib\libpic32.a(defaultinterrupt.o)

.debug_frame    0x00000000     0x1430
 *(.debug_frame)
 .debug_frame   0x00000000       0xdc build/default/production/_ext/1360937237/lead_rover.o
 .debug_frame   0x000000dc       0x28 build/default/production/_ext/1360937237/main.o
 .debug_frame   0x00000104       0x28 build/default/production/_ext/1360937237/timer.o
 .debug_frame   0x0000012c       0xa8 build/default/production/_ext/1360937237/debugging_task.o
 .debug_frame   0x000001d4       0xc8 build/default/production/_ext/1360937237/messaging_task.o
 .debug_frame   0x0000029c      0x150 build/default/production/_ext/1924263045/osal_freertos.o
 .debug_frame   0x000003ec       0xe8 build/default/production/_ext/1184397185/sys_devcon.o
 .debug_frame   0x000004d4       0x28 build/default/production/_ext/1184397185/sys_devcon_pic32mx.o
 .debug_frame   0x000004fc       0x90 build/default/production/_ext/773654843/sys_int_pic32.o
 .debug_frame   0x0000058c      0x1d0 build/default/production/_ext/1720996136/sys_ports.o
 .debug_frame   0x0000075c       0x60 build/default/production/_ext/1872676768/list.o
 .debug_frame   0x000007bc      0x230 build/default/production/_ext/1872676768/queue.o
 .debug_frame   0x000009ec      0x450 build/default/production/_ext/1872676768/tasks.o
 .debug_frame   0x00000e3c      0x134 build/default/production/_ext/1872676768/timers.o
 .debug_frame   0x00000f70      0x108 build/default/production/_ext/1872676768/event_groups.o
 .debug_frame   0x00001078       0x5c build/default/production/_ext/18731709/heap_1.o
 .debug_frame   0x000010d4       0xc0 build/default/production/_ext/697681558/port.o
 .debug_frame   0x00001194       0x58 build/default/production/_ext/1345626252/drv_usart_static.o
 .debug_frame   0x000011ec       0x58 build/default/production/_ext/639803181/sys_clk_static.o
 .debug_frame   0x00001244       0x20 build/default/production/_ext/822048611/sys_ports_static.o
 .debug_frame   0x00001264       0x28 build/default/production/_ext/1688732426/system_init.o
 .debug_frame   0x0000128c       0x28 build/default/production/_ext/1688732426/system_interrupt.o
 .debug_frame   0x000012b4       0x28 build/default/production/_ext/1688732426/system_exceptions.o
 .debug_frame   0x000012dc       0x88 build/default/production/_ext/1688732426/system_tasks.o
 .debug_frame   0x00001364       0x40 build/default/production/_ext/1688732426/rtos_hooks.o
 .debug_frame   0x000013a4       0x2c c:/program files (x86)/microchip/xc32/v1.40/bin/bin/../../lib/gcc/pic32mx/4.8.3/../../../../pic32mx/lib\libpic32.a(default-bootstrap-exception-handler.o)
 .debug_frame   0x000013d0       0x20 c:/program files (x86)/microchip/xc32/v1.40/bin/bin/../../lib/gcc/pic32mx/4.8.3/../../../../pic32mx/lib\libpic32.a(default-on-reset.o)
 .debug_frame   0x000013f0       0x20 c:/program files (x86)/microchip/xc32/v1.40/bin/bin/../../lib/gcc/pic32mx/4.8.3/../../../../pic32mx/lib\libpic32.a(default-on-bootstrap.o)
 .debug_frame   0x00001410       0x20 c:/program files (x86)/microchip/xc32/v1.40/bin/bin/../../lib/gcc/pic32mx/4.8.3/../../../../pic32mx/lib\libpic32.a(defaultinterrupt.o)

.debug_str      0x00000000      0x6c6
 *(.debug_str)
 .debug_str     0x00000000        0x0 build/default/production/_ext/1360937237/lead_rover.o
 .debug_str     0x00000000        0x0 build/default/production/_ext/1360937237/main.o
 .debug_str     0x00000000       0x17 build/default/production/_ext/1360937237/timer.o
 .debug_str     0x00000017        0x0 build/default/production/_ext/1360937237/debugging_task.o
 .debug_str     0x00000017        0xe build/default/production/_ext/1360937237/messaging_task.o
 .debug_str     0x00000025       0x40 build/default/production/_ext/1924263045/osal_freertos.o
 .debug_str     0x00000065       0x16 build/default/production/_ext/1184397185/sys_devcon.o
 .debug_str     0x0000007b        0x6 build/default/production/_ext/1184397185/sys_devcon_pic32mx.o
 .debug_str     0x00000081       0x2d build/default/production/_ext/773654843/sys_int_pic32.o
 .debug_str     0x000000ae       0x98 build/default/production/_ext/1720996136/sys_ports.o
 .debug_str     0x00000146        0x0 build/default/production/_ext/1872676768/croutine.o
 .debug_str     0x00000146       0x2b build/default/production/_ext/1872676768/list.o
 .debug_str     0x00000171       0xf1 build/default/production/_ext/1872676768/queue.o
 .debug_str     0x00000262      0x174 build/default/production/_ext/1872676768/tasks.o
 .debug_str     0x000003d6       0xbf build/default/production/_ext/1872676768/timers.o
 .debug_str     0x00000495       0xe6 build/default/production/_ext/1872676768/event_groups.o
 .debug_str     0x0000057b       0x1d build/default/production/_ext/18731709/heap_1.o
 .debug_str     0x00000598       0x37 build/default/production/_ext/697681558/port.o
 .debug_str     0x000005cf       0x88 build/default/production/_ext/1345626252/drv_usart_static.o
 .debug_str     0x00000657       0x39 build/default/production/_ext/639803181/sys_clk_static.o
 .debug_str     0x00000690       0x15 build/default/production/_ext/822048611/sys_ports_static.o
 .debug_str     0x000006a5        0xb build/default/production/_ext/1688732426/system_init.o
 .debug_str     0x000006b0        0xd build/default/production/_ext/1688732426/system_interrupt.o
 .debug_str     0x000006bd        0x0 build/default/production/_ext/1688732426/system_exceptions.o
 .debug_str     0x000006bd        0x0 build/default/production/_ext/1688732426/system_tasks.o
 .debug_str     0x000006bd        0x9 build/default/production/_ext/1688732426/rtos_hooks.o
 .debug_str     0x000006c6        0x0 c:/program files (x86)/microchip/xc32/v1.40/bin/bin/../../lib/gcc/pic32mx/4.8.3/../../../../pic32mx/lib\libpic32.a(default-bootstrap-exception-handler.o)
 .debug_str     0x000006c6        0x0 c:/program files (x86)/microchip/xc32/v1.40/bin/bin/../../lib/gcc/pic32mx/4.8.3/../../../../pic32mx/lib\libpic32.a(default-on-reset.o)
 .debug_str     0x000006c6        0x0 c:/program files (x86)/microchip/xc32/v1.40/bin/bin/../../lib/gcc/pic32mx/4.8.3/../../../../pic32mx/lib\libpic32.a(default-on-bootstrap.o)
 .debug_str     0x000006c6        0x0 c:/program files (x86)/microchip/xc32/v1.40/bin/bin/../../lib/gcc/pic32mx/4.8.3/../../../../pic32mx/lib\libpic32.a(defaultinterrupt.o)

.debug_loc      0x00000000     0x4e67
 *(.debug_loc)
 .debug_loc     0x00000000       0xed build/default/production/_ext/1360937237/lead_rover.o
 .debug_loc     0x000000ed       0x21 build/default/production/_ext/1360937237/timer.o
 .debug_loc     0x0000010e      0x1a6 build/default/production/_ext/1360937237/debugging_task.o
 .debug_loc     0x000002b4      0x11b build/default/production/_ext/1360937237/messaging_task.o
 .debug_loc     0x000003cf      0x3cc build/default/production/_ext/1924263045/osal_freertos.o
 .debug_loc     0x0000079b       0xf0 build/default/production/_ext/1184397185/sys_devcon.o
 .debug_loc     0x0000088b       0xe0 build/default/production/_ext/1184397185/sys_devcon_pic32mx.o
 .debug_loc     0x0000096b       0x8d build/default/production/_ext/773654843/sys_int_pic32.o
 .debug_loc     0x000009f8      0xee1 build/default/production/_ext/1720996136/sys_ports.o
 .debug_loc     0x000018d9       0x31 build/default/production/_ext/1872676768/list.o
 .debug_loc     0x0000190a      0xd35 build/default/production/_ext/1872676768/queue.o
 .debug_loc     0x0000263f     0x1505 build/default/production/_ext/1872676768/tasks.o
 .debug_loc     0x00003b44      0x7c0 build/default/production/_ext/1872676768/timers.o
 .debug_loc     0x00004304      0x8ea build/default/production/_ext/1872676768/event_groups.o
 .debug_loc     0x00004bee       0x49 build/default/production/_ext/18731709/heap_1.o
 .debug_loc     0x00004c37       0xea build/default/production/_ext/697681558/port.o
 .debug_loc     0x00004d21       0x3a build/default/production/_ext/1345626252/drv_usart_static.o
 .debug_loc     0x00004d5b       0x21 build/default/production/_ext/639803181/sys_clk_static.o
 .debug_loc     0x00004d7c       0x21 build/default/production/_ext/1688732426/system_init.o
 .debug_loc     0x00004d9d       0x96 build/default/production/_ext/1688732426/system_interrupt.o
 .debug_loc     0x00004e33       0x34 build/default/production/_ext/1688732426/rtos_hooks.o

.debug_macinfo
 *(.debug_macinfo)

.debug_weaknames
 *(.debug_weaknames)

.debug_funcnames
 *(.debug_funcnames)

.debug_typenames
 *(.debug_typenames)

.debug_varnames
 *(.debug_varnames)

.debug_pubtypes
 *(.debug_pubtypes)

.debug_ranges   0x00000000      0x8c8
 *(.debug_ranges)
 .debug_ranges  0x00000000       0x58 build/default/production/_ext/1360937237/lead_rover.o
 .debug_ranges  0x00000058       0x10 build/default/production/_ext/1360937237/main.o
 .debug_ranges  0x00000068       0x10 build/default/production/_ext/1360937237/timer.o
 .debug_ranges  0x00000078       0x38 build/default/production/_ext/1360937237/debugging_task.o
 .debug_ranges  0x000000b0       0x40 build/default/production/_ext/1360937237/messaging_task.o
 .debug_ranges  0x000000f0       0x78 build/default/production/_ext/1924263045/osal_freertos.o
 .debug_ranges  0x00000168       0x68 build/default/production/_ext/1184397185/sys_devcon.o
 .debug_ranges  0x000001d0       0x10 build/default/production/_ext/1184397185/sys_devcon_pic32mx.o
 .debug_ranges  0x000001e0       0x50 build/default/production/_ext/773654843/sys_int_pic32.o
 .debug_ranges  0x00000230       0xe8 build/default/production/_ext/1720996136/sys_ports.o
 .debug_ranges  0x00000318       0x30 build/default/production/_ext/1872676768/list.o
 .debug_ranges  0x00000348       0xa8 build/default/production/_ext/1872676768/queue.o
 .debug_ranges  0x000003f0      0x1b0 build/default/production/_ext/1872676768/tasks.o
 .debug_ranges  0x000005a0       0xe8 build/default/production/_ext/1872676768/timers.o
 .debug_ranges  0x00000688       0x98 build/default/production/_ext/1872676768/event_groups.o
 .debug_ranges  0x00000720       0x28 build/default/production/_ext/18731709/heap_1.o
 .debug_ranges  0x00000748       0x48 build/default/production/_ext/697681558/port.o
 .debug_ranges  0x00000790       0x28 build/default/production/_ext/1345626252/drv_usart_static.o
 .debug_ranges  0x000007b8       0x28 build/default/production/_ext/639803181/sys_clk_static.o
 .debug_ranges  0x000007e0       0x10 build/default/production/_ext/822048611/sys_ports_static.o
 .debug_ranges  0x000007f0       0x10 build/default/production/_ext/1688732426/system_init.o
 .debug_ranges  0x00000800       0x10 build/default/production/_ext/1688732426/system_interrupt.o
 .debug_ranges  0x00000810       0x10 build/default/production/_ext/1688732426/system_exceptions.o
 .debug_ranges  0x00000820       0x30 build/default/production/_ext/1688732426/system_tasks.o
 .debug_ranges  0x00000850       0x20 build/default/production/_ext/1688732426/system_interrupt_a.o
 .debug_ranges  0x00000870       0x18 build/default/production/_ext/1688732426/rtos_hooks.o
 .debug_ranges  0x00000888       0x10 c:/program files (x86)/microchip/xc32/v1.40/bin/bin/../../lib/gcc/pic32mx/4.8.3/../../../../pic32mx/lib\libpic32.a(default-bootstrap-exception-handler.o)
 .debug_ranges  0x00000898       0x10 c:/program files (x86)/microchip/xc32/v1.40/bin/bin/../../lib/gcc/pic32mx/4.8.3/../../../../pic32mx/lib\libpic32.a(default-on-reset.o)
 .debug_ranges  0x000008a8       0x10 c:/program files (x86)/microchip/xc32/v1.40/bin/bin/../../lib/gcc/pic32mx/4.8.3/../../../../pic32mx/lib\libpic32.a(default-on-bootstrap.o)
 .debug_ranges  0x000008b8       0x10 c:/program files (x86)/microchip/xc32/v1.40/bin/bin/../../lib/gcc/pic32mx/4.8.3/../../../../pic32mx/lib\libpic32.a(defaultinterrupt.o)

.gnu.attributes
                0x00000000       0x10
 *(.gnu.attributes)
 .gnu.attributes
                0x00000000       0x10 build/default/production/_ext/1360937237/lead_rover.o
 .gnu.attributes
                0x00000010       0x10 build/default/production/_ext/1360937237/main.o
 .gnu.attributes
                0x00000020       0x10 build/default/production/_ext/1360937237/timer.o
 .gnu.attributes
                0x00000030       0x10 build/default/production/_ext/1360937237/debugging_task.o
 .gnu.attributes
                0x00000040       0x10 build/default/production/_ext/1360937237/messaging_task.o
 .gnu.attributes
                0x00000050       0x10 build/default/production/_ext/1924263045/osal_freertos.o
 .gnu.attributes
                0x00000060       0x10 build/default/production/_ext/1184397185/sys_devcon.o
 .gnu.attributes
                0x00000070       0x10 build/default/production/_ext/1184397185/sys_devcon_pic32mx.o
 .gnu.attributes
                0x00000080       0x10 build/default/production/_ext/773654843/sys_int_pic32.o
 .gnu.attributes
                0x00000090       0x10 build/default/production/_ext/1720996136/sys_ports.o
 .gnu.attributes
                0x000000a0       0x10 build/default/production/_ext/1872676768/croutine.o
 .gnu.attributes
                0x000000b0       0x10 build/default/production/_ext/1872676768/list.o
 .gnu.attributes
                0x000000c0       0x10 build/default/production/_ext/1872676768/queue.o
 .gnu.attributes
                0x000000d0       0x10 build/default/production/_ext/1872676768/tasks.o
 .gnu.attributes
                0x000000e0       0x10 build/default/production/_ext/1872676768/timers.o
 .gnu.attributes
                0x000000f0       0x10 build/default/production/_ext/1872676768/event_groups.o
 .gnu.attributes
                0x00000100       0x10 build/default/production/_ext/18731709/heap_1.o
 .gnu.attributes
                0x00000110       0x10 build/default/production/_ext/697681558/port.o
 .gnu.attributes
                0x00000120       0x10 build/default/production/_ext/1345626252/drv_usart_static.o
 .gnu.attributes
                0x00000130       0x10 build/default/production/_ext/639803181/sys_clk_static.o
 .gnu.attributes
                0x00000140       0x10 build/default/production/_ext/822048611/sys_ports_static.o
 .gnu.attributes
                0x00000150       0x10 build/default/production/_ext/1688732426/system_init.o
 .gnu.attributes
                0x00000160       0x10 build/default/production/_ext/1688732426/system_interrupt.o
 .gnu.attributes
                0x00000170       0x10 build/default/production/_ext/1688732426/system_exceptions.o
 .gnu.attributes
                0x00000180       0x10 build/default/production/_ext/1688732426/system_tasks.o
 .gnu.attributes
                0x00000190       0x10 build/default/production/_ext/1688732426/rtos_hooks.o
 .gnu.attributes
                0x000001a0       0x10 c:/program files (x86)/microchip/xc32/v1.40/bin/bin/../../lib/gcc/pic32mx/4.8.3/../../../../pic32mx/lib\libpic32.a(default-bootstrap-exception-handler.o)
 .gnu.attributes
                0x000001b0       0x10 c:/program files (x86)/microchip/xc32/v1.40/bin/bin/../../lib/gcc/pic32mx/4.8.3/../../../../pic32mx/lib\libpic32.a(default-on-reset.o)
 .gnu.attributes
                0x000001c0       0x10 c:/program files (x86)/microchip/xc32/v1.40/bin/bin/../../lib/gcc/pic32mx/4.8.3/../../../../pic32mx/lib\libpic32.a(default-on-bootstrap.o)
 .gnu.attributes
                0x000001d0       0x10 c:/program files (x86)/microchip/xc32/v1.40/bin/bin/../../lib/gcc/pic32mx/4.8.3/../../../../pic32mx/lib\libpic32.a(defaultinterrupt.o)
LOAD c:/program files (x86)/microchip/xc32/v1.40/bin/bin/../../lib/gcc/pic32mx/4.8.3\libgcc.a
START GROUP
LOAD c:/program files (x86)/microchip/xc32/v1.40/bin/bin/../../lib/gcc/pic32mx/4.8.3/../../../../pic32mx/lib\libpic32.a
LOAD c:/program files (x86)/microchip/xc32/v1.40/bin/bin/../../lib/gcc/pic32mx/4.8.3/../../../../pic32mx/lib\libdebug.a
LOAD c:/program files (x86)/microchip/xc32/v1.40/bin/bin/../../lib/gcc/pic32mx/4.8.3/../../../../pic32mx/lib\libpic32.a
LOAD c:/program files (x86)/microchip/xc32/v1.40/bin/bin/../../lib/gcc/pic32mx/4.8.3/../../../../pic32mx/lib\libm.a
LOAD c:/program files (x86)/microchip/xc32/v1.40/bin/bin/../../lib/gcc/pic32mx/4.8.3/../../../../pic32mx/lib\libe.a
LOAD c:/program files (x86)/microchip/xc32/v1.40/bin/bin/../../lib/gcc/pic32mx/4.8.3/../../../../pic32mx/lib\libdsp.a
LOAD c:/program files (x86)/microchip/xc32/v1.40/bin/bin/../../lib/gcc/pic32mx/4.8.3\libgcc.a
LOAD c:/program files (x86)/microchip/xc32/v1.40/bin/bin/../../lib/gcc/pic32mx/4.8.3/../../../../pic32mx/lib\libc.a
LOAD c:/program files (x86)/microchip/xc32/v1.40/bin/bin/../../lib/gcc/pic32mx/4.8.3/../../../../pic32mx/lib\libpic32.a
END GROUP
LOAD c:/program files (x86)/microchip/xc32/v1.40/bin/bin/../../lib/gcc/pic32mx/4.8.3\libgcc.a
OUTPUT(dist/default/production/milestone_2.X.production.elf elf32-tradlittlemips)
LOAD stack
LOAD data_init

.reginfo        0x00000000       0x18
 .reginfo       0x00000000       0x18 c:/program files (x86)/microchip/xc32/v1.40/bin/bin/../../lib/gcc/pic32mx/4.8.3/../../../../pic32mx/lib/./proc/32MX795F512L/crt0_mips32r2.o

.stack          0xa0012e38      0x400
 .stack         0xa0012e38      0x400 stack

.bss            0xa00001a4    0x12c00
 .bss           0xa00001a4    0x124f8 build/default/production/_ext/18731709/heap_1.o
 .bss           0xa001269c      0x640 build/default/production/_ext/697681558/port.o
                0xa001269c                xISRStack
 .bss           0xa0012cdc       0xc8 build/default/production/_ext/1872676768/tasks.o

.data           0xa0012da4       0x4c
 .data          0xa0012da4       0x4c build/default/production/_ext/1688732426/system_exceptions.o

.bss            0xa0012df0       0x28
 .bss           0xa0012df0       0x28 build/default/production/_ext/1872676768/timers.o

._debug_exception
                0xbfc00480       0x2c
 ._debug_exception
                0xbfc00480       0x2c c:/program files (x86)/microchip/xc32/v1.40/bin/bin/../../lib/gcc/pic32mx/4.8.3/../../../../pic32mx/lib\debug-exception-return.o
                0xbfc00480                __DbgExecReturn

.text           0x9d000000      0x454
 .text          0x9d000000      0x454 build/default/production/_ext/697681558/port_asm.o
                0x9d000000                vPortTickInterruptHandler
                0x9d0001ac                vPortStartFirstTask
                0x9d000274                vPortYieldISR

.text.xTaskGenericCreate
                0x9d000454      0x2e0
 .text.xTaskGenericCreate
                0x9d000454      0x2e0 build/default/production/_ext/1872676768/tasks.o
                0x9d000454                xTaskGenericCreate

.text.prvTimerTask
                0x9d000734      0x264
 .text.prvTimerTask
                0x9d000734      0x264 build/default/production/_ext/1872676768/timers.o

.text.xQueueGenericReceive
                0x9d000998      0x24c
 .text.xQueueGenericReceive
                0x9d000998      0x24c build/default/production/_ext/1872676768/queue.o
                0x9d000998                xQueueGenericReceive

.text.xQueueGenericSend
                0x9d000be4      0x208
 .text.xQueueGenericSend
                0x9d000be4      0x208 build/default/production/_ext/1872676768/queue.o
                0x9d000be4                xQueueGenericSend

.text.LEAD_ROVER_Tasks
                0x9d000dec      0x1d0
 .text.LEAD_ROVER_Tasks
                0x9d000dec      0x1d0 build/default/production/_ext/1360937237/lead_rover.o
                0x9d000dec                LEAD_ROVER_Tasks

.DrvUsartInstance0_vector_text
                0x9d000fbc      0x1b4
 .DrvUsartInstance0_vector_text
                0x9d000fbc      0x1b4 build/default/production/_ext/1688732426/system_interrupt_a.o

.text.xTaskIncrementTick
                0x9d001170      0x19c
 .text.xTaskIncrementTick
                0x9d001170      0x19c build/default/production/_ext/1872676768/tasks.o
                0x9d001170                xTaskIncrementTick

.text           0x9d00130c      0x168
 .text          0x9d00130c      0x168 c:/program files (x86)/microchip/xc32/v1.40/bin/bin/../../lib/gcc/pic32mx/4.8.3/../../../../pic32mx/lib\libpic32.a(memcpy.o)
                0x9d00130c                memcpy

.text.xTaskResumeAll
                0x9d001474      0x154
 .text.xTaskResumeAll
                0x9d001474      0x154 build/default/production/_ext/1872676768/tasks.o
                0x9d001474                xTaskResumeAll

.text.vTaskPriorityInherit
                0x9d0015c8      0x12c
 .text.vTaskPriorityInherit
                0x9d0015c8      0x12c build/default/production/_ext/1872676768/tasks.o
                0x9d0015c8                vTaskPriorityInherit

.dinit          0x9d0016f4      0x110
 .dinit         0x9d0016f4      0x110 data_init

.text.DRV_USART0_Initialize
                0x9d001804      0x10c
 .text.DRV_USART0_Initialize
                0x9d001804      0x10c build/default/production/_ext/1345626252/drv_usart_static.o
                0x9d001804                DRV_USART0_Initialize

.text.prvUnlockQueue
                0x9d001910      0x104
 .text.prvUnlockQueue
                0x9d001910      0x104 build/default/production/_ext/1872676768/queue.o

.text.prvSampleTimeNow
                0x9d001a14      0x104
 .text.prvSampleTimeNow
                0x9d001a14      0x104 build/default/production/_ext/1872676768/timers.o

.text.prvCopyDataToQueue
                0x9d001b18       0xfc
 .text.prvCopyDataToQueue
                0x9d001b18       0xfc build/default/production/_ext/1872676768/queue.o

.text.xTaskPriorityDisinherit
                0x9d001c14       0xf8
 .text.xTaskPriorityDisinherit
                0x9d001c14       0xf8 build/default/production/_ext/1872676768/tasks.o
                0x9d001c14                xTaskPriorityDisinherit

.text.xQueueGenericSendFromISR
                0x9d001d0c       0xe8
 .text.xQueueGenericSendFromISR
                0x9d001d0c       0xe8 build/default/production/_ext/1872676768/queue.o
                0x9d001d0c                xQueueGenericSendFromISR

.text.SYS_DEVCON_PerformanceConfig
                0x9d001df4       0xdc
 .text.SYS_DEVCON_PerformanceConfig
                0x9d001df4       0xdc build/default/production/_ext/1184397185/sys_devcon_pic32mx.o
                0x9d001df4                SYS_DEVCON_PerformanceConfig

.text.vTaskSwitchContext
                0x9d001ed0       0xdc
 .text.vTaskSwitchContext
                0x9d001ed0       0xdc build/default/production/_ext/1872676768/tasks.o
                0x9d001ed0                vTaskSwitchContext

.rodata         0x9d001fac       0xdc
 .rodata        0x9d001fac       0xdc build/default/production/_ext/1688732426/system_exceptions.o

.text.general_exception
                0x9d002088       0xdc
 .text.general_exception
                0x9d002088       0xdc c:/program files (x86)/microchip/xc32/v1.40/bin/bin/../../lib/gcc/pic32mx/4.8.3/../../../../pic32mx/lib\libpic32.a(general-exception.o)
                0x9d002088                _general_exception_context

.text.SYS_Tasks
                0x9d002164       0xd8
 .text.SYS_Tasks
                0x9d002164       0xd8 build/default/production/_ext/1688732426/system_tasks.o
                0x9d002164                SYS_Tasks

.text.xQueueReceiveFromISR
                0x9d00223c       0xd4
 .text.xQueueReceiveFromISR
                0x9d00223c       0xd4 build/default/production/_ext/1872676768/queue.o
                0x9d00223c                xQueueReceiveFromISR

.text.xQueueGenericReset
                0x9d002310       0xc4
 .text.xQueueGenericReset
                0x9d002310       0xc4 build/default/production/_ext/1872676768/queue.o
                0x9d002310                xQueueGenericReset

.text.pvPortMalloc
                0x9d0023d4       0xc0
 .text.pvPortMalloc
                0x9d0023d4       0xc0 build/default/production/_ext/18731709/heap_1.o
                0x9d0023d4                pvPortMalloc

.text.xTaskRemoveFromEventList
                0x9d002494       0xbc
 .text.xTaskRemoveFromEventList
                0x9d002494       0xbc build/default/production/_ext/1872676768/tasks.o
                0x9d002494                xTaskRemoveFromEventList

.text.prvIdleTask
                0x9d002550       0xb4
 .text.prvIdleTask
                0x9d002550       0xb4 build/default/production/_ext/1872676768/tasks.o

.text.SYS_PORTS_Initialize
                0x9d002604       0xa8
 .text.SYS_PORTS_Initialize
                0x9d002604       0xa8 build/default/production/_ext/822048611/sys_ports_static.o
                0x9d002604                SYS_PORTS_Initialize

.text           0x9d0026ac       0xa8
 .text          0x9d0026ac       0xa8 c:/program files (x86)/microchip/xc32/v1.40/bin/bin/../../lib/gcc/pic32mx/4.8.3/../../../../pic32mx/lib\libpic32.a(memset.o)
                0x9d0026ac                memset

.text.xTaskCheckForTimeOut
                0x9d002754       0xa0
 .text.xTaskCheckForTimeOut
                0x9d002754       0xa0 build/default/production/_ext/1872676768/tasks.o
                0x9d002754                xTaskCheckForTimeOut

.text.LEAD_ROVER_Initialize
                0x9d0027f4       0x9c
 .text.LEAD_ROVER_Initialize
                0x9d0027f4       0x9c build/default/production/_ext/1360937237/lead_rover.o
                0x9d0027f4                LEAD_ROVER_Initialize

.text           0x9d002890       0x98
 .text          0x9d002890       0x98 c:/program files (x86)/microchip/xc32/v1.40/bin/bin/../../lib/gcc/pic32mx/4.8.3/../../../../pic32mx/lib\libpic32.a(memcmp.o)
                0x9d002890                memcmp

.text.xQueueGenericCreate
                0x9d002928       0x94
 .text.xQueueGenericCreate
                0x9d002928       0x94 build/default/production/_ext/1872676768/queue.o
                0x9d002928                xQueueGenericCreate

.text.vTaskPlaceOnEventList
                0x9d0029bc       0x94
 .text.vTaskPlaceOnEventList
                0x9d0029bc       0x94 build/default/production/_ext/1872676768/tasks.o
                0x9d0029bc                vTaskPlaceOnEventList

.text.xTimerGenericCommand
                0x9d002a50       0x94
 .text.xTimerGenericCommand
                0x9d002a50       0x94 build/default/production/_ext/1872676768/timers.o
                0x9d002a50                xTimerGenericCommand

.text.IntHandlerDrvUsartInstance0
                0x9d002ae4       0x94
 .text.IntHandlerDrvUsartInstance0
                0x9d002ae4       0x94 build/default/production/_ext/1688732426/system_interrupt.o
                0x9d002ae4                IntHandlerDrvUsartInstance0

.text.vTaskStartScheduler
                0x9d002b78       0x90
 .text.vTaskStartScheduler
                0x9d002b78       0x90 build/default/production/_ext/1872676768/tasks.o
                0x9d002b78                vTaskStartScheduler

.text.MESSAGING_TASK_Initialize
                0x9d002c08       0x84
 .text.MESSAGING_TASK_Initialize
                0x9d002c08       0x84 build/default/production/_ext/1360937237/messaging_task.o
                0x9d002c08                MESSAGING_TASK_Initialize

.text.vQueueWaitForMessageRestricted
                0x9d002c8c       0x74
 .text.vQueueWaitForMessageRestricted
                0x9d002c8c       0x74 build/default/production/_ext/1872676768/queue.o
                0x9d002c8c                vQueueWaitForMessageRestricted

.text.prvInsertTimerInActiveList
                0x9d002d00       0x74
 .text.prvInsertTimerInActiveList
                0x9d002d00       0x74 build/default/production/_ext/1872676768/timers.o

.text.prvCheckForValidListAndQueue
                0x9d002d74       0x74
 .text.prvCheckForValidListAndQueue
                0x9d002d74       0x74 build/default/production/_ext/1872676768/timers.o

.text.SYS_Initialize
                0x9d002de8       0x74
 .text.SYS_Initialize
                0x9d002de8       0x74 build/default/production/_ext/1688732426/system_init.o
                0x9d002de8                SYS_Initialize

.text.prvAddCurrentTaskToDelayedList
                0x9d002e5c       0x70
 .text.prvAddCurrentTaskToDelayedList
                0x9d002e5c       0x70 build/default/production/_ext/1872676768/tasks.o

.text.vTaskPlaceOnEventListRestricted
                0x9d002ecc       0x6c
 .text.vTaskPlaceOnEventListRestricted
                0x9d002ecc       0x6c build/default/production/_ext/1872676768/tasks.o
                0x9d002ecc                vTaskPlaceOnEventListRestricted

.text.vApplicationSetupTickTimerInterrupt
                0x9d002f38       0x6c
 .text.vApplicationSetupTickTimerInterrupt
                0x9d002f38       0x6c build/default/production/_ext/697681558/port.o
                0x9d002f38                vApplicationSetupTickTimerInterrupt

.text.vTaskExitCritical
                0x9d002fa4       0x68
 .text.vTaskExitCritical
                0x9d002fa4       0x68 build/default/production/_ext/1872676768/tasks.o
                0x9d002fa4                vTaskExitCritical

.text.sendMsgToWIFLY
                0x9d00300c       0x60
 .text.sendMsgToWIFLY
                0x9d00300c       0x60 build/default/production/_ext/1360937237/messaging_task.o
                0x9d00300c                sendMsgToWIFLY

.text.xTimerCreateTimerTask
                0x9d00306c       0x60
 .text.xTimerCreateTimerTask
                0x9d00306c       0x60 build/default/production/_ext/1872676768/timers.o
                0x9d00306c                xTimerCreateTimerTask

.text.DEBUGGING_TASK_Tasks
                0x9d0030cc       0x5c
 .text.DEBUGGING_TASK_Tasks
                0x9d0030cc       0x5c build/default/production/_ext/1360937237/debugging_task.o
                0x9d0030cc                DEBUGGING_TASK_Tasks

.text.vListInsert
                0x9d003128       0x5c
 .text.vListInsert
                0x9d003128       0x5c build/default/production/_ext/1872676768/list.o
                0x9d003128                vListInsert

.text.xPortStartScheduler
                0x9d003184       0x5c
 .text.xPortStartScheduler
                0x9d003184       0x5c build/default/production/_ext/697681558/port.o
                0x9d003184                xPortStartScheduler

.text.SYS_DEVCON_SystemUnlock
                0x9d0031e0       0x58
 .text.SYS_DEVCON_SystemUnlock
                0x9d0031e0       0x58 build/default/production/_ext/1184397185/sys_devcon.o
                0x9d0031e0                SYS_DEVCON_SystemUnlock

.text.SYS_CLK_Initialize
                0x9d003238       0x58
 .text.SYS_CLK_Initialize
                0x9d003238       0x58 build/default/production/_ext/639803181/sys_clk_static.o
                0x9d003238                SYS_CLK_Initialize

.text.main_entry
                0x9d003290       0x54
 .text.main_entry
                0x9d003290       0x54 c:/program files (x86)/microchip/xc32/v1.40/bin/bin/../../lib/gcc/pic32mx/4.8.3/../../../../pic32mx/lib/./proc/32MX795F512L/crt0_mips32r2.o
                0x9d0032c4                __crt0_exit

.text.pxPortInitialiseStack
                0x9d0032e4       0x54
 .text.pxPortInitialiseStack
                0x9d0032e4       0x54 build/default/production/_ext/697681558/port.o
                0x9d0032e4                pxPortInitialiseStack

.text.vPortIncrementTick
                0x9d003338       0x54
 .text.vPortIncrementTick
                0x9d003338       0x54 build/default/production/_ext/697681558/port.o
                0x9d003338                vPortIncrementTick

.rodata         0x9d00338c       0x50
 .rodata        0x9d00338c       0x50 build/default/production/_ext/1360937237/lead_rover.o

.text.prvCopyDataFromQueue
                0x9d0033dc       0x50
 .text.prvCopyDataFromQueue
                0x9d0033dc       0x50 build/default/production/_ext/1872676768/queue.o

.text.vTaskEnterCritical
                0x9d00342c       0x50
 .text.vTaskEnterCritical
                0x9d00342c       0x50 build/default/production/_ext/1872676768/tasks.o
                0x9d00342c                vTaskEnterCritical

.rodata         0x9d00347c       0x50
 .rodata        0x9d00347c       0x50 build/default/production/_ext/1688732426/system_tasks.o

.text.debugBuffer
                0x9d0034cc       0x48
 .text.debugBuffer
                0x9d0034cc       0x48 build/default/production/_ext/1360937237/debugging_task.o
                0x9d0034cc                debugBuffer

.text.MESSAGING_TASK_Tasks
                0x9d003514       0x48
 .text.MESSAGING_TASK_Tasks
                0x9d003514       0x48 build/default/production/_ext/1360937237/messaging_task.o
                0x9d003514                MESSAGING_TASK_Tasks

.text.SYS_DEVCON_SystemLock
                0x9d00355c       0x48
 .text.SYS_DEVCON_SystemLock